ets Jul 29 2019 12:21:46

rst:0x1 (POWERON_RESET),boot:0x13 (SPI_FAST_FLASH_BOOT)
configsip: 0, SPIWP:0xee
clk_drv:0x00,q_drv:0x00,d_drv:0x00,cs0_drv:0x00,hd_drv:0x00,wp_drv:0x00
mode:DIO, clock div:2
load:0x3fff0030,len:6276
load:0x40078000,len:15748
load:0x40080400,len:4
ho 8 tail 4 room 4
load:0x40080404,len:3860
entry 0x4008063c
[0;32mI (31) boot: ESP-IDF v5.4.1 2nd stage bootloader[0m
[0;32mI (31) boot: compile time Jul 19 2025 19:11:20[0m
[0;32mI (31) boot: Multicore bootloader[0m
[0;32mI (32) boot: chip revision: v3.1[0m
[0;32mI (35) boot.esp32: SPI Speed      : 40MHz[0m
[0;32mI (39) boot.esp32: SPI Mode       : DIO[0m
[0;32mI (43) boot.esp32: SPI Flash Size : 2MB[0m
[0;32mI (46) boot: Enabling RNG early entropy source...[0m
[0;32mI (51) boot: Partition Table:[0m
[0;32mI (53) boot: ## Label            Usage          Type ST Offset   Length[0m
[0;32mI (60) boot:  0 nvs              WiFi data        01 02 00009000 00006000[0m
[0;32mI (66) boot:  1 phy_init         RF data          01 01 0000f000 00001000[0m
[0;32mI (73) boot:  2 factory          factory app      00 00 00010000 00100000[0m
[0;32mI (79) boot: End of partition table[0m
[0;32mI (82) esp_image: segment 0: paddr=00010020 vaddr=3f400020 size=0cc58h ( 52312) map[0m
[0;32mI (108) esp_image: segment 1: paddr=0001cc80 vaddr=3ff80000 size=0001ch (    28) load[0m
[0;32mI (108) esp_image: segment 2: paddr=0001cca4 vaddr=3ffb0000 size=02468h (  9320) load[0m
[0;32mI (115) esp_image: segment 3: paddr=0001f114 vaddr=40080000 size=00f04h (  3844) load[0m
[0;32mI (121) esp_image: segment 4: paddr=00020020 vaddr=400d0020 size=19c80h (105600) map[0m
[0;32mI (163) esp_image: segment 5: paddr=00039ca8 vaddr=40080f04 size=0eb6ch ( 60268) load[0m
[0;32mI (194) boot: Loaded app from partition at offset 0x10000[0m
[0;32mI (194) boot: Disabling RNG early entropy source...[0m
[0;32mI (204) cpu_start: Multicore app[0m
[0;32mI (213) cpu_start: Pro cpu start user code[0m
[0;32mI (213) cpu_start: cpu freq: 160000000 Hz[0m
[0;32mI (213) app_init: Application information:[0m
[0;32mI (213) app_init: Project name:     embedded[0m
[0;32mI (217) app_init: App version:      1[0m
[0;32mI (220) app_init: Compile time:     Jul 19 2025 19:11:08[0m
[0;32mI (225) app_init: ELF file SHA256:  5065bcadd...[0m
[0;32mI (230) app_init: ESP-IDF:          v5.4.1[0m
[0;32mI (233) efuse_init: Min chip rev:     v0.0[0m
[0;32mI (237) efuse_init: Max chip rev:     v3.99 [0m
[0;32mI (241) efuse_init: Chip rev:         v3.1[0m
[0;32mI (245) heap_init: Initializing. RAM available for dynamic allocation:[0m
[0;32mI (252) heap_init: At 3FFAE6E0 len 00001920 (6 KiB): DRAM[0m
[0;32mI (256) heap_init: At 3FFB2D60 len 0002D2A0 (180 KiB): DRAM[0m
[0;32mI (262) heap_init: At 3FFE0440 len 00003AE0 (14 KiB): D/IRAM[0m
[0;32mI (267) heap_init: At 3FFE4350 len 0001BCB0 (111 KiB): D/IRAM[0m
[0;32mI (273) heap_init: At 4008FA70 len 00010590 (65 KiB): IRAM[0m
[0;32mI (279) spi_flash: detected chip: generic[0m
[0;32mI (282) spi_flash: flash io: dio[0m
[0;33mW (284) spi_flash: Detected size(4096k) larger than the size in the binary image header(2048k). Using the size in the binary image header.[0m
[0;33mW (297) i2c: This driver is an old driver, please migrate your application code to adapt `driver/i2c_master.h`[0m
[0;32mI (307) main_task: Started on CPU0[0m
[0;32mI (317) main_task: Calling app_main()[0m
[0;32mI (317) rc522: Initialized (firmware v2.0)[0m
[0;32mI (317) MFRC522_TEST: Leitor RC522 iniciado. Aproxime um cart√£o.[0m
[0;32mI (317) main_task: Returned from app_main()[0m
[0;32mI (25137) MFRC522_TEST: Cart√£o lido! UID: 93083780935[0m
[0;32mI (163) esp_image: segment 5: paddr=00039ca8 vaddr=40080f04 size=0eb6ch ( 60268) load[0m
[0;32mI (194) boot: Loaded app from partition at offset 0x10000[0m
[0;32mI (194) boot: Disabling RNG early entropy source...[0m
[0;32mI (204) cpu_start: Multicore app[0m
[0;32mI (213) cpu_start: Pro cpu start user code[0m
[0;32mI (213) cpu_start: cpu freq: 160000000 Hz[0m
[0;32mI (213) app_init: Application information:[0m
[0;32mI (213) app_init: Project name:     embedded[0m
[0;32mI (217) app_init: App version:      1[0m
[0;32mI (220) app_init: Compile time:     Jul 19 2025 19:11:08[0m
[0;32mI (225) app_init: ELF file SHA256:  5065bcadd...[0m
[0;32mI (230) app_init: ESP-IDF:          v5.4.1[0m
[0;32mI (233) efuse_init: Min chip rev:     v0.0[0m
[0;32mI (237) efuse_init: Max chip rev:     v3.99 [0m
[0;32mI (241) efuse_init: Chip rev:         v3.1[0m
[0;32mI (245) heap_init: Initializing. RAM available for dynamic allocation:[0m
[0;32mI (251) heap_init: At 3FFAE6E0 len 00001920 (6 KiB): DRAM[0m
[0;32mI (256) heap_init: At 3FFB2D60 len 0002D2A0 (180 KiB): DRAM[0m
[0;32mI (262) heap_init: At 3FFE0440 len 00003AE0 (14 KiB): D/IRAM[0m
[0;32mI (267) heap_init: At 3FFE4350 len 0001BCB0 (111 KiB): D/IRAM[0m
[0;32mI (273) heap_init: At 4008FA70 len 00010590 (65 KiB): IRAM[0m
[0;32mI (279) spi_flash: detected chip: generic[0m
[0;32mI (281) spi_flash: flash io: dio[0m
[0;33mW (284) spi_flash: Detected size(4096k) larger than the size in the binary image header(2048k). Using the size in the binary image header.[0m
[0;33mW (297) i2c: This driver is an old driver, please migrate your application code to adapt `driver/i2c_master.h`[0m
[0;32mI (307) main_task: Started on CPU0[0m
[0;32mI (317) main_task: Calling app_main()[0m
[1;31mE (317) rc522: Read/write test failed[0m
[0;32mI (317) gpio: GPIO[15]| InputEn: 0| OutputEn: 0| OpenDrain: 0| Pullup: 1| Pulldown: 0| Intr:0 [0m
[0;32mI (317) MFRC522_TEST: Leitor RC522 iniciado. Aproxime um cart√£o.[0m
[0;32mI (327) main_task: Returned from app_main()[0m
[1;31mE (417) rc522: write: Unknown transport[0m
[1;31mE (417) rc522: Failed to write data (err: ESP_ERR_INVALID_STATE)[0m
[1;31mE (417) rc522: write: Unknown transport[0m
[1;31mE (417) rc522: Failed to write data (err: ESP_ERR_INVALID_STATE)[0m
[1;31mE (417) rc522: read: Unknown transport[0m
[1;31mE (427) rc522: Failed to read data (err: ESP_ERR_INVALID_STATE)[0m
Guru Meditation Error: Core  0 panic'ed (LoadProhibited). Exception was unhandled.

Core  0 register dump:
PC      : 0x400d6fc3  PS      : 0x00060930  A0      : 0x800d6ffc  A1      : 0x3ffb5e80  
A2      : 0x3ffafe38  A3      : 0x00000004  A4      : 0x3f4035ac  A5      : 0x000001a1  
A6      : 0x3f40357c  A7      : 0x3f404d08  A8      : 0x800d6fc3  A9      : 0x3ffb5e60  
A10     : 0x00000000  A11     : 0x00000004  A12     : 0x000001ab  A13     : 0x3ffb5e90  
A14     : 0x3ffb5e70  A15     : 0x00000103  SAR     : 0x00000004  EXCCAUSE: 0x0000001c  
EXCVADDR: 0x00000000  LBEG    : 0x400014fd  LEND    : 0x4000150d  LCOUNT  : 0xfffffffa  


Backtrace: 0x400d6fc0:0x3ffb5e80 0x400d6ff9:0x3ffb5ea0 0x400d70cd:0x3ffb5ed0 0x400d71d0:0x3ffb5f00 0x400d7229:0x3ffb5f30 0x400d730f:0x3ffb5f60 0x4008830d:0x3ffb5f90




ELF file SHA256: 5065bcadd

Rebooting...
ets Jul 29 2019 12:21:46

rst:0xc (SW_CPU_RESET),boot:0x13 (SPI_FAST_FLASH_BOOT)
configsip: 0, SPIWP:0xee
clk_drv:0x00,q_drv:0x00,d_drv:0x00,cs0_drv:0x00,hd_drv:0x00,wp_drv:0x00
mode:DIO, clock div:2
load:0x3fff0030,len:6276
load:0x40078000,len:15748
load:0x40080400,len:4
ho 8 tail 4 room 4
load:0x40080404,len:3860
entry 0x4008063c
[0;32mI (31) boot: ESP-IDF v5.4.1 2nd stage bootloader[0m
[0;32mI (31) boot: compile time Jul 19 2025 19:11:20[0m
[0;32mI (31) boot: Multicore bootloader[0m
[0;32mI (32) boot: chip revision: v3.1[0m
[0;32mI (35) boot.esp32: SPI Speed      : 40MHz[0m
[0;32mI (39) boot.esp32: SPI Mode       : DIO[0m
[0;32mI (42) boot.esp32: SPI Flash Size : 2MB[0m
[0;32mI (46) boot: Enabling RNG early entropy source...[0m
[0;32mI (51) boot: Partition Table:[0m
[0;32mI (53) boot: ## Label            Usage          Type ST Offset   Length[0m
[0;32mI (59) boot:  0 nvs              WiFi data        01 02 00009000 00006000[0m
[0;32mI (66) boot:  1 phy_init         RF data          01 01 0000f000 00001000[0m
[0;32mI (73) boot:  2 factory          factory app      00 00 00010000 00100000[0m
[0;32mI (79) boot: End of partition table[0m
[0;32mI (82) esp_image: segment 0: paddr=00010020 vaddr=3f400020 size=0cc58h ( 52312) map[0m
[0;32mI (108) esp_image: segment 1: paddr=0001cc80 vaddr=3ff80000 size=0001ch (    28) load[0m
[0;32mI (108) esp_image: segment 2: paddr=0001cca4 vaddr=3ffb0000 size=02468h (  9320) load[0m
[0;32mI (115) esp_image: segment 3: paddr=0001f114 vaddr=40080000 size=00f04h (  3844) load[0m
[0;32mI (121) esp_image: segment 4: paddr=00020020 vaddr=400d0020 size=19c80h (105600) map[0m
[0;32mI (163) esp_image: segment 5: paddr=00039ca8 vaddr=40080f04 size=0eb6ch ( 60268) load[0m
[0;32mI (194) boot: Loaded app from partition at offset 0x10000[0m
[0;32mI (194) boot: Disabling RNG early entropy source...[0m
[0;32mI (204) cpu_start: Multicore app[0m
[0;32mI (213) cpu_start: Pro cpu start user code[0m
[0;32mI (213) cpu_start: cpu freq: 160000000 Hz[0m
[0;32mI (213) app_init: Application information:[0m
[0;32mI (213) app_init: Project name:     embedded[0m
[0;32mI (217) app_init: App version:      1[0m
[0;32mI (220) app_init: Compile time:     Jul 19 2025 19:11:08[0m
[0;32mI (225) app_init: ELF file SHA256:  5065bcadd...[0m
[0;32mI (230) app_init: ESP-IDF:          v5.4.1[0m
[0;32mI (233) efuse_init: Min chip rev:     v0.0[0m
[0;32mI (237) efuse_init: Max chip rev:     v3.99 [0m
[0;32mI (241) efuse_init: Chip rev:         v3.1[0m
[0;32mI (245) heap_init: Initializing. RAM available for dynamic allocation:[0m
[0;32mI (251) heap_init: At 3FFAE6E0 len 00001920 (6 KiB): DRAM[0m
[0;32mI (256) heap_init: At 3FFB2D60 len 0002D2A0 (180 KiB): DRAM[0m
[0;32mI (262) heap_init: At 3FFE0440 len 00003AE0 (14 KiB): D/IRAM[0m
[0;32mI (267) heap_init: At 3FFE4350 len 0001BCB0 (111 KiB): D/IRAM[0m
[0;32mI (273) heap_init: At 4008FA70 len 00010590 (65 KiB): IRAM[0m
[0;32mI (279) spi_flash: detected chip: generic[0m
[0;32mI (281) spi_flash: flash io: dio[0m
[0;33mW (284) spi_flash: Detected size(4096k) larger than the size in the binary image header(2048k). Using the size in the binary image header.[0m
[0;33mW (297) i2c: This driver is an old driver, please migrate your application code to adapt `driver/i2c_master.h`[0m
[0;32mI (307) main_task: Started on CPU0[0m
[0;32mI (317) main_task: Calling app_main()[0m
[1;31mE (317) rc522: Read/write test failed[0m
[0;32mI (317) gpio: GPIO[15]| InputEn: 0| OutputEn: 0| OpenDrain: 0| Pullup: 1| Pulldown: 0| Intr:0 [0m
[0;32mI (317) MFRC522_TEST: Leitor RC522 iniciado. Aproxime um cart√£o.[0m
[0;32mI (327) main_task: Returned from app_main()[0m
[1;31mE (417) rc522: write: Unknown transport[0m
[1;31mE (417) rc522: Failed to write data (err: ESP_ERR_INVALID_STATE)[0m
[1;31mE (417) rc522: write: Unknown transport[0m
[1;31mE (417) rc522: Failed to write data (err: ESP_ERR_INVALID_STATE)[0m
[1;31mE (417) rc522: read: Unknown transport[0m
[1;31mE (427) rc522: Failed to read data (err: ESP_ERR_INVALID_STATE)[0m
Guru Meditation Error: Core  0 panic'ed (LoadProhibited). Exception was unhandled.

Core  0 register dump:
PC      : 0x400d6fc3  PS      : 0x00060930  A0      : 0x800d6ffc  A1      : 0x3ffb5e80  
A2      : 0x3ffafe38  A3      : 0x00000004  A4      : 0x3f4035ac  A5      : 0x000001a1  
A6      : 0x3f40357c  A7      : 0x3f404d08  A8      : 0x800d6fc3  A9      : 0x3ffb5e60  
A10     : 0x00000000  A11     : 0x00000004  A12     : 0x000001ab  A13     : 0x3ffb5e90  
A14     : 0x3ffb5e70  A15     : 0x00000103  SAR     : 0x00000004  EXCCAUSE: 0x0000001c  
EXCVADDR: 0x00000000  LBEG    : 0x400014fd  LEND    : 0x4000150d  LCOUNT  : 0xfffffffa  


Backtrace: 0x400d6fc0:0x3ffb5e80 0x400d6ff9:0x3ffb5ea0 0x400d70cd:0x3ffb5ed0 0x400d71d0:0x3ffb5f00 0x400d7229:0x3ffb5f30 0x400d730f:0x3ffb5f60 0x4008830d:0x3ffb5f90




ELF file SHA256: 5065bcadd

Rebooting...
ets Jul 29 2019 12:21:46

rst:0xc (SW_CPU_RESET),boot:0x13 (SPI_FAST_FLASH_BOOT)
configsip: 0, SPIWP:0xee
clk_drv:0x00,q_drv:0x00,d_drv:0x00,cs0_drv:0x00,hd_drv:0x00,wp_drv:0x00
mode:DIO, clock div:2
load:0x3fff0030,len:6276
load:0x40078000,len:15748
load:0x40080400,len:4
ho 8 tail 4 room 4
load:0x40080404,len:3860
entry 0x4008063c
[0;32mI (31) boot: ESP-IDF v5.4.1 2nd stage bootloader[0m
[0;32mI (31) boot: compile time Jul 19 2025 19:11:20[0m
[0;32mI (31) boot: Multicore bootloader[0m
[0;32mI (32) boot: chip revision: v3.1[0m
[0;32mI (35) boot.esp32: SPI Speed      : 40MHz[0m
[0;32mI (39) boot.esp32: SPI Mode       : DIO[0m
[0;32mI (42) boot.esp32: SPI Flash Size : 2MB[0m
[0;32mI (46) boot: Enabling RNG early entropy source...[0m
[0;32mI (51) boot: Partition Table:[0m
[0;32mI (53) boot: ## Label            Usage          Type ST Offset   Length[0m
[0;32mI (59) boot:  0 nvs              WiFi data        01 02 00009000 00006000[0m
[0;32mI (66) boot:  1 phy_init         RF data          01 01 0000f000 00001000[0m
[0;32mI (72) boot:  2 factory          factory app      00 00 00010000 00100000[0m
[0;32mI (79) boot: End of partition table[0m
[0;32mI (82) esp_image: segment 0: paddr=00010020 vaddr=3f400020 size=0cc58h ( 52312) map[0m
[0;32mI (108) esp_image: segment 1: paddr=0001cc80 vaddr=3ff80000 size=0001ch (    28) load[0m
[0;32mI (108) esp_image: segment 2: paddr=0001cca4 vaddr=3ffb0000 size=02468h (  9320) load[0m
[0;32mI (115) esp_image: segment 3: paddr=0001f114 vaddr=40080000 size=00f04h (  3844) load[0m
[0;32mI (121) esp_image: segment 4: paddr=00020020 vaddr=400d0020 size=19c80h (105600) map[0m
[0;32mI (163) esp_image: segment 5: paddr=00039ca8 vaddr=40080f04 size=0eb6ch ( 60268) load[0m
[0;32mI (194) boot: Loaded app from partition at offset 0x10000[0m
[0;32mI (194) boot: Disabling RNG early entropy source...[0m
[0;32mI (204) cpu_start: Multicore app[0m
[0;32mI (213) cpu_start: Pro cpu start user code[0m
[0;32mI (213) cpu_start: cpu freq: 160000000 Hz[0m
[0;32mI (213) app_init: Application information:[0m
[0;32mI (213) app_init: Project name:     embedded[0m
[0;32mI (217) app_init: App version:      1[0m
[0;32mI (220) app_init: Compile time:     Jul 19 2025 19:11:08[0m
I (225) app_init: ELF file SHA256:  5065bcadd...
[0;32mI (229) app_init: ESP-IDF:          v5.4.1[0m
[0;32mI (233) efuse_init: Min chip rev:     v0.0[0m
[0;32mI (237) efuse_init: Max chip rev:     v3.99 [0m
[0;32mI (241) efuse_init: Chip rev:         v3.1[0m
[0;32mI (245) heap_init: Initializing. RAM available for dynamic allocation:[0m
[0;32mI (251) heap_init: At 3FFAE6E0 len 00001920 (6 KiB): DRAM[0m
[0;32mI (256) heap_init: At 3FFB2D60 len 0002D2A0 (180 KiB): DRAM[0m
[0;32mI (262) heap_init: At 3FFE0440 len 00003AE0 (14 KiB): D/IRAM[0m
[0;32mI (267) heap_init: At 3FFE4350 len 0001BCB0 (111 KiB): D/IRAM[0m
[0;32mI (273) heap_init: At 4008FA70 len 00010590 (65 KiB): IRAM[0m
[0;32mI (279) spi_flash: detected chip: generic[0m
[0;32mI (281) spi_flash: flash io: dio[0m
[0;33mW (284) spi_flash: Detected size(4096k) larger than the size in the binary image header(2048k). Using the size in the binary image header.[0m
[0;33mW (297) i2c: This driver is an old driver, please migrate your application code to adapt `driver/i2c_master.h`[0m
[0;32mI (307) main_task: Started on CPU0[0m
[0;32mI (317) main_task: Calling app_main()[0m
[1;31mE (317) rc522: Read/write test failed[0m
[0;32mI (317) gpio: GPIO[15]| InputEn: 0| OutputEn: 0| OpenDrain: 0| Pullup: 1| Pulldown: 0| Intr:0 [0m
[0;32mI (317) MFRC522_TEST: Leitor RC522 iniciado. Aproxime um cart√£o.[0m
[0;32mI (327) main_task: Returned from app_main()[0m
[1;31mE (417) rc522: write: Unknown transport[0m
[1;31mE (417) rc522: Failed to write data (err: ESP_ERR_INVALID_STATE)[0m
[1;31mE (417) rc522: write: Unknown transport[0m
[1;31mE (417) rc522: Failed to write data (err: ESP_ERR_INVALID_STATE)[0m
[1;31mE (417) rc522: read: Unknown transport[0m
[1;31mE (427) rc522: Failed to read data (err: ESP_ERR_INVALID_STATE)[0m
Guru Meditation Error: Core  0 panic'ed (LoadProhibited). Exception was unhandled.

Core  0 register dump:
PC      : 0x400d6fc3  PS      : 0x00060930  A0      : 0x800d6ffc  A1      : 0x3ffb5e80  
A2      : 0x3ffafe38  A3      : 0x00000004  A4      : 0x3f4035ac  A5      : 0x000001a1  
A6      : 0x3f40357c  A7      : 0x3f404d08  A8      : 0x800d6fc3  A9      : 0x3ffb5e60  
A10     : 0x00000000  A11     : 0x00000004  A12     : 0x000001ab  A13     : 0x3ffb5e90  
A14     : 0x3ffb5e70  A15     : 0x00000103  SAR     : 0x00000004  EXCCAUSE: 0x0000001c  
EXCVADDR: 0x00000000  LBEG    : 0x400014fd  LEND    : 0x4000150d  LCOUNT  : 0xfffffffa  


Backtrace: 0x400d6fc0:0x3ffb5e80 0x400d6ff9:0x3ffb5ea0 0x400d70cd:0x3ffb5ed0 0x400d71d0:0x3ffb5f00 0x400d7229:0x3ffb5f30 0x400d730f:0x3ffb5f60 0x4008830d:0x3ffb5f90




ELF file SHA256: 5065bcadd

Rebooting...
ets Jul 29 2019 12:21:46

rst:0xc (SW_CPU_RESET),boot:0x13 (SPI_FAST_FLASH_BOOT)
configsip: 0, SPIWP:0xee
clk_drv:0x00,q_drv:0x00,d_drv:0x00,cs0_drv:0x00,hd_drv:0x00,wp_drv:0x00
mode:DIO, clock div:2
load:0x3fff0030,len:6276
load:0x40078000,len:15748
load:0x40080400,len:4
ho 8 tail 4 room 4
load:0x40080404,len:3860
entry 0x4008063c
[0;32mI (31) boot: ESP-IDF v5.4.1 2nd stage bootloader[0m
[0;32mI (31) boot: compile time Jul 19 2025 19:11:20[0m
[0;32mI (31) boot: Multicore bootloader[0m
[0;32mI (32) boot: chip revision: v3.1[0m
[0;32mI (35) boot.esp32: SPI Speed      : 40MHz[0m
[0;32mI (39) boot.esp32: SPI Mode       : DIO[0m
[0;32mI (42) boot.esp32: SPI Flash Size : 2MB[0m
[0;32mI (46) boot: Enabling RNG early entropy source...[0m
[0;32mI (51) boot: Partition Table:[0m
[0;32mI (53) boot: ## Label            Usage          Type ST Offset   Length[0m
[0;32mI (59) boot:  0 nvs              WiFi data        01 02 00009000 00006000[0m
[0;32mI (66) boot:  1 phy_init         RF data          01 01 0000f000 00001000[0m
[0;32mI (72) boot:  2 factory          factory app      00 00 00010000 00100000[0m
[0;32mI (79) boot: End of partition table[0m
[0;32mI (82) esp_image: segment 0: paddr=00010020 vaddr=3f400020 size=0cc58h ( 52312) map[0m
[0;32mI (108) esp_image: segment 1: paddr=0001cc80 vaddr=3ff80000 size=0001ch (    28) load[0m
[0;32mI (108) esp_image: segment 2: paddr=0001cca4 vaddr=3ffb0000 size=02468h (  9320) load[0m
[0;32mI (115) esp_image: segment 3: paddr=0001f114 vaddr=40080000 size=00f04h (  3844) load[0m
[0;32mI (121) esp_image: segment 4: paddr=00020020 vaddr=400d0020 size=19c80h (105600) map[0m
[0;32mI (163) esp_image: segment 5: paddr=00039ca8 vaddr=40080f04 size=0eb6ch ( 60268) load[0m
[0;32mI (194) boot: Loaded app from partition at offset 0x10000[0m
[0;32mI (194) boot: Disabling RNG early entropy source...[0m
[0;32mI (204) cpu_start: Multicore app[0m
[0;32mI (213) cpu_start: Pro cpu start user code[0m
[0;32mI (213) cpu_start: cpu freq: 160000000 Hz[0m
[0;32mI (213) app_init: Application information:[0m
[0;32mI (213) app_init: Project name:     embedded[0m
[0;32mI (217) app_init: App version:      1[0m
[0;32mI (220) app_init: Compile time:     Jul 19 2025 19:11:08[0m
[0;32mI (225) app_init: ELF file SHA256:  5065bcadd...[0m
[0;32mI (230) app_init: ESP-IDF:          v5.4.1[0m
[0;32mI (233) efuse_init: Min chip rev:     v0.0[0m
[0;32mI (237) efuse_init: Max chip rev:     v3.99 [0m
[0;32mI (241) efuse_init: Chip rev:         v3.1[0m
[0;32mI (245) heap_init: Initializing. RAM available for dynamic allocation:[0m
[0;32mI (251) heap_init: At 3FFAE6E0 len 00001920 (6 KiB): DRAM[0m
[0;32mI (256) heap_init: At 3FFB2D60 len 0002D2A0 (180 KiB): DRAM[0m
[0;32mI (262) heap_init: At 3FFE0440 len 00003AE0 (14 KiB): D/IRAM[0m
[0;32mI (267) heap_init: At 3FFE4350 len 0001BCB0 (111 KiB): D/IRAM[0m
[0;32mI (273) heap_init: At 4008FA70 len 00010590 (65 KiB): IRAM[0m
[0;32mI (279) spi_flash: detected chip: generic[0m
[0;32mI (281) spi_flash: flash io: dio[0m
[0;33mW (284) spi_flash: Detected size(4096k) larger than the size in the binary image header(2048k). Using the size in the binary image header.[0m
[0;33mW (297) i2c: This driver is an old driver, please migrate your application code to adapt `driver/i2c_master.h`[0m
[0;32mI (307) main_task: Started on CPU0[0m
[0;32mI (317) main_task: Calling app_main()[0m
[1;31mE (317) rc522: Read/write test failed[0m
[0;32mI (317) gpio: GPIO[15]| InputEn: 0| OutputEn: 0| OpenDrain: 0| Pullup: 1| Pulldown: 0| Intr:0 [0m
[0;32mI (317) MFRC522_TEST: Leitor RC522 iniciado. Aproxime um cart√£o.[0m
[0;32mI (327) main_task: Returned from app_main()[0m
[1;31mE (417) rc522: write: Unknown transport[0m
[1;31mE (417) rc522: Failed to write data (err: ESP_ERR_INVALID_STATE)[0m
[1;31mE (417) rc522: write: Unknown transport[0m
[1;31mE (417) rc522: Failed to write data (err: ESP_ERR_INVALID_STATE)[0m
[1;31mE (417) rc522: read: Unknown transport[0m
[1;31mE (427) rc522: Failed to read data (err: ESP_ERR_INVALID_STATE)[0m
Guru Meditation Error: Core  0 panic'ed (LoadProhibited). Exception was unhandled.

Core  0 register dump:
PC      : 0x400d6fc3  PS      : 0x00060930  A0      : 0x800d6ffc  A1      : 0x3ffb5e80  
A2      : 0x3ffafe38  A3      : 0x00000004  A4      : 0x3f4035ac  A5      : 0x000001a1  
A6      : 0x3f40357c  A7      : 0x3f404d08  A8      : 0x800d6fc3  A9      : 0x3ffb5e60  
A10     : 0x00000000  A11     : 0x00000004  A12     : 0x000001ab  A13     : 0x3ffb5e90  
A14     : 0x3ffb5e70  A15     : 0x00000103  SAR     : 0x00000004  EXCCAUSE: 0x0000001c  
EXCVADDR: 0x00000000  LBEG    : 0x400014fd  LEND    : 0x4000150d  LCOUNT  : 0xfffffffa  


Backtrace: 0x400d6fc0:0x3ffb5e80 0x400d6ff9:0x3ffb5ea0 0x400d70cd:0x3ffb5ed0 0x400d71d0:0x3ffb5f00 0x400d7229:0x3ffb5f30 0x400d730f:0x3ffb5f60 0x4008830d:0x3ffb5f90




ELF file SHA256: 5065bcadd

Rebooting...
ets Jul 29 2019 12:21:46

rst:0xc (SW_CPU_RESET),boot:0x13 (SPI_FAST_FLASH_BOOT)
configsip: 0, SPIWP:0xee
clk_drv:0x00,q_drv:0x00,d_drv:0x00,cs0_drv:0x00,hd_drv:0x00,wp_drv:0x00
mode:DIO, clock div:2
load:0x3fff0030,len:6276
load:0x40078000,len:15748
load:0x40080400,len:4
ho 8 tail 4 room 4
load:0x40080404,len:3860
entry 0x4008063c
[0;32mI (31) boot: ESP-IDF v5.4.1 2nd stage bootloader[0m
[0;32mI (31) boot: compile time Jul 19 2025 19:11:20[0m
[0;32mI (31) boot: Multicore bootloader[0m
[0;32mI (32) boot: chip revision: v3.1[0m
[0;32mI (35) boot.esp32: SPI Speed      : 40MHz[0m
[0;32mI (39) boot.esp32: SPI Mode       : DIO[0m
[0;32mI (42) boot.esp32: SPI Flash Size : 2MB[0m
[0;32mI (46) boot: Enabling RNG early entropy source...[0m
[0;32mI (51) boot: Partition Table:[0m
[0;32mI (53) boot: ## Label            Usage          Type ST Offset   Length[0m
[0;32mI (59) boot:  0 nvs              WiFi data        01 02 00009000 00006000[0m
[0;32mI (66) boot:  1 phy_init         RF data          01 01 0000f000 00001000[0m
[0;32mI (72) boot:  2 factory          factory app      00 00 00010000 00100000[0m
[0;32mI (79) boot: End of partition table[0m
[0;32mI (82) esp_image: segment 0: paddr=00010020 vaddr=3f400020 size=0cc58h ( 52312) map[0m
[0;32mI (108) esp_image: segment 1: paddr=0001cc80 vaddr=3ff80000 size=0001ch (    28) load[0m
[0;32mI (108) esp_image: segment 2: paddr=0001cca4 vaddr=3ffb0000 size=02468h (  9320) load[0m
[0;32mI (115) esp_image: segment 3: paddr=0001f114 vaddr=40080000 size=00f04h (  3844) load[0m
[0;32mI (121) esp_image: segment 4: paddr=00020020 vaddr=400d0020 size=19c80h (105600) map[0m
[0;32mI (163) esp_image: segment 5: paddr=00039ca8 vaddr=40080f04 size=0eb6ch ( 60268) load[0m
[0;32mI (194) boot: Loaded app from partition at offset 0x10000[0m
[0;32mI (194) boot: Disabling RNG early entropy source...[0m
[0;32mI (204) cpu_start: Multicore app[0m
[0;32mI (213) cpu_start: Pro cpu start user code[0m
[0;32mI (213) cpu_start: cpu freq: 160000000 Hz[0m
[0;32mI (213) app_init: Application information:[0m
[0;32mI (213) app_init: Project name:     embedded[0m
[0;32mI (217) app_init: App version:      1[0m
[0;32mI (220) app_init: Compile time:     Jul 19 2025 19:11:08[0m
[0;32mI (225) app_init: ELF file SHA256:  5065bcadd...[0m
[0;32mI (229) app_init: ESP-IDF:          v5.4.1[0m
[0;32mI (233) efuse_init: Min chip rev:     v0.0[0m
[0;32mI (237) efuse_init: Max chip rev:     v3.99 [0m
[0;32mI (241) efuse_init: Chip rev:         v3.1[0m
[0;32mI (245) heap_init: Initializing. RAM available for dynamic allocation:[0m
[0;32mI (251) heap_init: At 3FFAE6E0 len 00001920 (6 KiB): DRAM[0m
[0;32mI (256) heap_init: At 3FFB2D60 len 0002D2A0 (180 KiB): DRAM[0m
[0;32mI (262) heap_init: At 3FFE0440 len 00003AE0 (14 KiB): D/IRAM[0m
[0;32mI (267) heap_init: At 3FFE4350 len 0001BCB0 (111 KiB): D/IRAM[0m
[0;32mI (273) heap_init: At 4008FA70 len 00010590 (65 KiB): IRAM[0m
[0;32mI (279) spi_flash: detected chip: generic[0m
[0;32mI (281) spi_flash: flash io: dio[0m
[0;33mW (284) spi_flash: Detected size(4096k) larger than the size in the binary image header(2048k). Using the size in the binary image header.[0m
[0;33mW (297) i2c: This driver is an old driver, please migrate your application code to adapt `driver/i2c_master.h`[0m
[0;32mI (307) main_task: Started on CPU0[0m
[0;32mI (317) main_task: Calling app_main()[0m
[1;31mE (317) rc522: Read/write test failed[0m
[0;32mI (317) gpio: GPIO[15]| InputEn: 0| OutputEn: 0| OpenDrain: 0| Pullup: 1| Pulldown: 0| Intr:0 [0m
[0;32mI (317) MFRC522_TEST: Leitor RC522 iniciado. Aproxime um cart√£o.[0m
[0;32mI (327) main_task: Returned from app_main()[0m
[1;31mE (417) rc522: write: Unknown transport[0m
[1;31mE (417) rc522: Failed to write data (err: ESP_ERR_INVALID_STATE)[0m
[1;31mE (417) rc522: write: Unknown transport[0m
[1;31mE (417) rc522: Failed to write data (err: ESP_ERR_INVALID_STATE)[0m
[1;31mE (417) rc522: read: Unknown transport[0m
[1;31mE (427) rc522: Failed to read data (err: ESP_ERR_INVALID_STATE)[0m
Guru Meditation Error: Core  0 panic'ed (LoadProhibited). Exception was unhandled.

Core  0 register dump:
PC      : 0x400d6fc3  PS      : 0x00060930  A0      : 0x800d6ffc  A1      : 0x3ffb5e80  
A2      : 0x3ffafe38  A3      : 0x00000004  A4      : 0x3f4035ac  A5      : 0x000001a1  
A6      : 0x3f40357c  A7      : 0x3f404d08  A8      : 0x800d6fc3  A9      : 0x3ffb5e60  
A10     : 0x00000000  A11     : 0x00000004  A12     : 0x000001ab  A13     : 0x3ffb5e90  
A14     : 0x3ffb5e70  A15     : 0x00000103  SAR     : 0x00000004  EXCCAUSE: 0x0000001c  
EXCVADDR: 0x00000000  LBEG    : 0x400014fd  LEND    : 0x4000150d  LCOUNT  : 0xfffffffa  


Backtrace: 0x400d6fc0:0x3ffb5e80 0x400d6ff9:0x3ffb5ea0 0x400d70cd:0x3ffb5ed0 0x400d71d0:0x3ffb5f00 0x4
00d7229:0x3ffb5f30 0x400d730f:0x3ffb5f60 0x4008830d:0x3ffb5f90




ELF file SHA256: 5065bcadd

Rebooting...
ets Jul 29 2019 12:21:46

rst:0xc (SW_CPU_RESET),boot:0x13 (SPI_FAST_FLASH_BOOT)
configsip: 0, SPIWP:0xee
clk_drv:0x00,q_drv:0x00,d_drv:0x00,cs0_drv:0x00,hd_drv:0x00,wp_drv:0x00
mode:DIO, clock div:2
load:0x3fff0030,len:6276
load:0x40078000,len:15748
load:0x40080400,len:4
ho 8 tail 4 room 4
load:0x40080404,len:3860
entry 0x4008063c
[0;32mI (31) boot: ESP-IDF v5.4.1 2nd stage bootloader[0m
[0;32mI (31) boot: compile time Jul 19 2025 19:11:20[0m
[0;32mI (31) boot: Multicore bootloader[0m
[0;32mI (32) boot: chip revision: v3.1[0m
[0;32mI (35) boot.esp32: SPI Speed      : 40MHz[0m
[0;32mI (39) boot.esp32: SPI Mode       : DIO[0m
[0;32mI (42) boot.esp32: SPI Flash Size : 2MB[0m
[0;32mI (46) boot: Enabling RNG early entropy source...[0m
[0;32mI (51) boot: Partition Table:[0m
[0;32mI (53) boot: ## Label            Usage          Type ST Offset   Length[0m
[0;32mI (59) boot:  0 nvs              WiFi data        01 02 00009000 00006000[0m
[0;32mI (66) boot:  1 phy_init         RF data          01 01 0000f000 00001000[0m
[0;32mI (72) boot:  2 factory          factory app      00 00 00010000 00100000[0m
[0;32mI (79) boot: End of partition table[0m
[0;32mI (82) esp_image: segment 0: paddr=00010020 vaddr=3f400020 size=0cc58h ( 52312) map[0m
[0;32mI (108) esp_image: segment 1: paddr=0001cc80 vaddr=3ff80000 size=0001ch (    28) load[0m
[0;32mI (108) esp_image: segment 2: paddr=0001cca4 vaddr=3ffb0000 size=02468h (  9320) load[0m
[0;32mI (115) esp_image: segment 3: paddr=0001f114 vaddr=40080000 size=00f04h (  3844) load[0m
[0;32mI (121) esp_image: segment 4: paddr=00020020 vaddr=400d0020 size=19c80h (105600) map[0m
[0;32mI (163) esp_image: segment 5: paddr=00039ca8 vaddr=40080f04 size=0eb6ch ( 60268) load[0m
[0;32mI (194) boot: Loaded app from partition at offset 0x10000[0m
[0;32mI (194) boot: Disabling RNG early entropy source...[0m
[0;32mI (204) cpu_start: Multicore app[0m
[0;32mI (213) cpu_start: Pro cpu start user code[0m
[0;32mI (213) cpu_start: cpu freq: 160000000 Hz[0m
[0;32mI (213) app_init: Application information:[0m
[0;32mI (213) app_init: Project name:     embedded[0m
[0;32mI (217) app_init: App version:      1[0m
[0;32mI (220) app_init: Compile time:     Jul 19 2025 19:11:08[0m
[0;32mI (225) app_init: ELF file SHA256:  5065bcadd...[0m
[0;32mI (229) app_init: ESP-IDF:          v5.4.1[0m
[0;32mI (233) efuse_init: Min chip rev:     v0.0[0m
[0;32mI (237) efuse_init: Max chip rev:     v3.99 [0m
[0;32mI (241) efuse_init: Chip rev:         v3.1[0m
[0;32mI (245) heap_init: Initializing. RAM available for dynamic allocation:[0m
[0;32mI (251) heap_init: At 3FFAE6E0 len 00001920 (6 KiB): DRAM[0m
[0;32mI (256) heap_init: At 3FFB2D60 len 0002D2A0 (180 KiB): DRAM[0m
[0;32mI (262) heap_init: At 3FFE0440 len 00003AE0 (14 KiB): D/IRAM[0m
[0;32mI (267) heap_init: At 3FFE4350 len 0001BCB0 (111 KiB): D/IRAM[0m
[0;32mI (273) heap_init: At 4008FA70 len 00010590 (65 KiB): IRAM[0m
[0;32mI (279) spi_flash: detected chip: generic[0m
[0;32mI (281) spi_flash: flash io: dio[0m
[0;33mW (284) spi_flash: Detected size(4096k) larger than the size in the binary image header(2048k). Using the size in the binary image header.[0m
[0;33mW (297) i2c: This driver is an old driver, please migrate your application code to adapt `driver/i2c_master.h`[0m
[0;32mI (307) main_task: Started on CPU0[0m
[0;32mI (317) main_task: Calling app_main()[0m
[1;31mE (317) rc522: Read/write test failed[0m
[0;32mI (317) gpio: GPIO[15]| InputEn: 0| OutputEn: 0| OpenDrain: 0| Pullup: 1| Pulldown: 0| Intr:0 [0m
[0;32mI (317) MFRC522_TEST: Leitor RC522 iniciado. Aproxime um cart√£o.[0m
[0;32mI (327) main_task: Returned from app_main()[0m
[1;31mE (417) rc522: write: Unknown transport[0m
[1;31mE (417) rc522: Failed to write data (err: ESP_ERR_INVALID_STATE)[0m
[1;31mE (417) rc522: write: Unknown transport[0m
[1;31mE (417) rc522: Failed to write data (err: ESP_ERR_INVALID_STATE)[0m
[1;31mE (417) rc522: read: Unknown transport[0m
[1;31mE (427) rc522: Failed to read data (err: ESP_ERR_INVALID_STATE)[0m
Guru Meditation Error: Core  0 panic'ed (LoadProhibited). Exception was unhandled.

Core  0 register dump:
PC      : 0x400d6fc3  PS      : 0x00060930  A0      : 0x800d6ffc  A1      : 0x3ffb5e80  
A2      : 0x3ffafe38  A3      : 0x00000004  A4      : 0x3f4035ac  A5      : 0x000001a1  
A6      : 0x3f40357c  A7      : 0x3f404d08  A8      : 0x800d6fc3  A9      : 0x3ffb5e60  
A10     : 0x00000000  A11     : 0x00000004  A12     : 0x000001ab  A13     : 0x3ffb5e90  
A14     : 0x3ffb5e70  A15     : 0x00000103  SAR     : 0x00000004  EXCCAUSE: 0x0000001c  
EXCVADDR: 0x00000000  LBEG    : 0x400014fd  LEND    : 0x4000150d  LCOUNT  : 0xfffffffa  


Backtrace: 0x400d6fc0:0x3ffb5e80 0x400d6ff9:0x3ffb5ea0 0x400d70cd:0x3ffb5ed0 0x400d71d0:0x3ffb5f00 0x400d7229:0x3ffb5f30 0x400d730f:0x3ffb5f60 0x4008830d:0x3ffb5f90




ELF file SHA256: 5065bcadd

Rebooting...
ets Jul 29 2019 12:21:46

rst:0xc (SW_CPU_RESET),boot:0x13 (SPI_FAST_FLASH_BOOT)
configsip: 0, SPIWP:0xee
clk_drv:0x00,q_drv:0x00,d_drv:0x00,cs0_drv:0x00,hd_drv:0x00,wp_drv:0x00
mode:DIO, clock div:2
load:0x3fff0030,len:6276
load:0x40078000,len:15748
load:0x40080400,len:4
ho 8 tail 4 room 4
load:0x40080404,len:3860
entry 0x4008063c
[0;32mI (31) boot: ESP-IDF v5.4.1 2nd stage bootloader[0m
[0;32mI (31) boot: compile time Jul 19 2025 19:11:20[0m
[0;32mI (31) boot: Multicore bootloader[0m
[0;32mI (32) boot: chip revision: v3.1[0m
[0;32mI (35) boot.esp32: SPI Speed      : 40MHz[0m
[0;32mI (39) boot.esp32: SPI Mode       : DIO[0m
[0;32mI (42) boot.esp32: SPI Flash Size : 2MB[0m
[0;32mI (46) boot: Enabling RNG early entropy source...[0m
[0;32mI (51) boot: Partition Table:[0m
[0;32mI (53) boot: ## Label            Usage          Type ST Offset   Length[0m
[0;32mI (59) boot:  0 nvs              WiFi data        01 02 00009000 00006000[0m
[0;32mI (66) boot:  1 phy_init         RF data          01 01 0000f000 00001000[0m
[0;32mI (72) boot:  2 factory          factory app      00 00 00010000 00100000[0m
[0;32mI (79) boot: End of partition table[0m
[0;32mI (82) esp_image: segment 0: paddr=00010020 vaddr=3f400020 size=0cc58h ( 52312) map[0m
[0;32mI (108) esp_image: segment 1: paddr=0001cc80 vaddr=3ff80000 size=0001ch (    28) load[0m
[0;32mI (108) esp_image: segment 2: paddr=0001cca4 vaddr=3ffb0000 size=02468h (  9320) load[0m
[0;32mI (115) esp_image: segment 3: paddr=0001f114 vaddr=40080000 size=00f04h (  3844) load[0m
[0;32mI (121) esp_image: segment 4: paddr=00020020 vaddr=400d0020 size=19c80h (105600) map[0m
[0;32mI (163) esp_image: segment 5: paddr=00039ca8 vaddr=40080f04 size=0eb6ch ( 60268) load[0m
[0;32mI (194) boot: Loaded app from partition at offset 0x10000[0m
[0;32mI (194) boot: Disabling RNG early entropy source...[0m
[0;32mI (204) cpu_start: Multicore app[0m
[0;32mI (213) cpu_start: Pro cpu start user code[0m
[0;32mI (213) cpu_start: cpu freq: 160000000 Hz[0m
[0;32mI (213) app_init: Application information:[0m
[0;32mI (213) app_init: Project name:     embedded[0m
[0;32mI (217) app_init: App version:      1[0m
[0;32mI (220) app_init: Compile time:     Jul 19 2025 19:11:08[0m
[0;32mI (225) app_init: ELF file SHA256:  5065bcadd...[0m
[0;32mI (229) app_init: ESP-IDF:          v5.4.1[0m
[0;32mI (233) efuse_init: Min chip rev:     v0.0[0m
[0;32mI (237) efuse_init: Max chip rev:     v3.99 [0m
[0;32mI (241) efuse_init: Chip rev:         v3.1[0m
[0;32mI (245) heap_init: Initializing. RAM available for dynamic allocation:[0m
[0;32mI (251) heap_init: At 3FFAE6E0 len 00001920 (6 KiB): DRAM[0m
[0;32mI (256) heap_init: At 3FFB2D60 len 0002D2A0 (180 KiB): DRAM[0m
[0;32mI (262) heap_init: At 3FFE0440 len 00003AE0 (14 KiB): D/IRAM[0m
[0;32mI (267) heap_init: At 3FFE4350 len 0001BCB0 (111 KiB): D/IRAM[0m
[0;32mI (273) heap_init: At 4008FA70 len 00010590 (65 KiB): IRAM[0m
[0;32mI (279) spi_flash: detected chip: generic[0m
[0;32mI (281) spi_flash: flash io: dio[0m
[0;33mW (284) spi_flash: Detected size(4096k) larger than the size in the binary image header(2048k). Using the size in the binary image header.[0m
[0;33mW (297) i2c: This driver is an old driver, please migrate your application code to adapt `driver/i2c_master.h`[0m
[0;32mI (307) main_task: Started on CPU0[0m
[0;32mI (317) main_task: Calling app_main()[0m
[1;31mE (317) rc522: Read/write test failed[0m
[0;32mI (317) gpio: GPIO[15]| InputEn: 0| OutputEn: 0| OpenDrain: 0| Pullup: 1| Pulldown: 0| Intr:0 [0m
[0;32mI (317) MFRC522_TEST: Leitor RC522 iniciado. Aproxime um cart√£o.[0m
[0;32mI (327) main_task: Returned from app_main()[0m
[1;31mE (417) rc522: write: Unknown transport[0m
[1;31mE (417) rc522: Failed to write data (err: ESP_ERR_INVALID_STATE)[0m
[1;31mE (417) rc522: write: Unknown transport[0m
[1;31mE (417) rc522: Failed to write data (err: ESP_ERR_INVALID_STATE)[0m
[1;31mE (417) rc522: read: Unknown transport[0m
[1;31mE (427) rc522: Failed to read data (err: ESP_ERR_INVALID_STATE)[0m
Guru Meditation Error: Core  0 panic'ed (LoadProhibited). Exception was unhandled.

Core  0 register dump:
PC      : 0x400d6fc3  PS      : 0x00060930  A0      : 0x800d6ffc  A1      : 0x3ffb5e80  
A2      : 0x3ffafe38  A3      : 0x00000004  A4      : 0x3f4035ac  A5      : 0x000001a1  
A6      : 0x3f40357c  A7      : 0x3f404d08  A8      : 0x800d6fc3  A9      : 0x3ffb5e60  
A10     : 0x00000000  A11     : 0x00000004  A12     : 0x000001ab  A13     : 0x3ffb5e90  
A14     : 0x3ffb5e70  A15     : 0x00000103  SAR     : 0x00000004  EXCCAUSE: 0x0000001c  
EXCVADDR: 0x00000000  LBEG    : 0x400014fd  LEND    : 0x4000150d  LCOUNT  : 0xfffffffa  


Backtrace: 0x400d6fc0:0x3ffb5e80 0x400d6ff9:0x3ffb5ea0 0x400d70cd:0x3ffb5ed0 0x400d71d0:0x3ffb5f00 0x400d7229:0x3ffb5f30 0x400d730f:0x3ffb5f60 0x4008830d:0x3ffb5f90




ELF file SHA256: 5065bcadd

Rebooting...
ets Jul 29 2019 12:21:46

rst:0xc (SW_CPU_RESET),boot:0x13 (SPI_FAST_FLASH_BOOT)
configsip: 0, SPIWP:0xee
clk_drv:0x00,q_drv:0x00,d_drv:0x00,cs0_drv:0x00,hd_drv:0x00,wp_drv:0x00
mode:DIO, clock div:2
load:0x3fff0030,len:6276
load:0x40078000,len:15748
load:0x40080400,len:4
ho 8 tail 4 room 4
load:0x40080404,len:3860
entry 0x4008063c
[0;32mI (31) boot: ESP-IDF v5.4.1 2nd stage bootloader[0m
[0;32mI (31) boot: compile time Jul 19 2025 19:11:20[0m
[0;32mI (31) boot: Multicore bootloader[0m
[0;32mI (32) boot: chip revision: v3.1[0m
[0;32mI (35) boot.esp32: SPI Speed      : 40MHz[0m
[0;32mI (39) boot.esp32: SPI Mode       : DIO[0m
[0;32mI (42) boot.esp32: SPI Flash Size : 2MB[0m
[0;32mI (46) boot: Enabling RNG early entropy source...[0m
[0;32mI (51) boot: Partition Table:[0m
[0;32mI (53) boot: ## Label            Usage          Type ST Offset   Length[0m
[0;32mI (59) boot:  0 nvs              WiFi data        01 02 00009000 00006000[0m
[0;32mI (66) boot:  1 phy_init         RF data          01 01 0000f000 00001000[0m
[0;32mI (73) boot:  2 factory          factory app      00 00 00010000 00100000[0m
[0;32mI (79) boot: End of partition table[0m
[0;32mI (82) esp_image: segment 0: paddr=00010020 vaddr=3f400020 size=0cc58h ( 52312) map[0m
[0;32mI (108) esp_image: segment 1: paddr=0001cc80 vaddr=3ff80000 size=0001ch (    28) load[0m
[0;32mI (108) esp_image: segment 2: paddr=0001cca4 vaddr=3ffb0000 size=02468h (  9320) load[0m
[0;32mI (115) esp_image: segment 3: paddr=0001f114 vaddr=40080000 size=00f04h (  3844) load[0m
[0;32mI (121) esp_image: segment 4: paddr=00020020 vaddr=400d0020 size=19c80h (105600) map[0m
[0;32mI (163) esp_image: segment 5: paddr=00039ca8 vaddr=40080f04 size=0eb6ch ( 60268) load[0m
[0;32mI (194) boot: Loaded app from partition at offset 0x10000[0m
[0;32mI (194) boot: Disabling RNG early entropy source...[0m
[0;32mI (204) cpu_start: Multicore app[0m
[0;32mI (213) cpu_start: Pro cpu start user code[0m
[0;32mI (213) cpu_start: cpu freq: 160000000 Hz[0m
[0;32mI (213) app_init: Application information:[0m
[0;32mI (213) app_init: Project name:     embedded[0m
[0;32mI (217) app_init: App version:      1[0m
[0;32mI (220) app_init: Compile time:     Jul 19 2025 19:11:08[0m
[0;32mI (225) app_init: ELF file SHA256:  5065bcadd...[0m
[0;32mI (230) app_init: ESP-IDF:          v5.4.1[0m
[0;32mI (233) efuse_init: Min chip rev:     v0.0[0m
[0;32mI (237) efuse_init: Max chip rev:     v3.99 [0m
[0;32mI (241) efuse_init: Chip rev:         v3.1[0m
[0;32mI (245) heap_init: Initializing. RAM available for dynamic allocation:[0m
[0;32mI (251) heap_init: At 3FFAE6E0 len 00001920 (6 KiB): DRAM[0m
[0;32mI (256) heap_init: At 3FFB2D60 len 0002D2A0 (180 KiB): DRAM[0m
[0;32mI (262) heap_init: At 3FFE0440 len 00003AE0 (14 KiB): D/IRAM[0m
[0;32mI (267) heap_init: At 3FFE4350 len 0001BCB0 (111 KiB): D/IRAM[0m
[0;32mI (273) heap_init: At 4008FA70 len 00010590 (65 KiB): IRAM[0m
[0;32mI (279) spi_flash: detected chip: generic[0m
[0;32mI (281) spi_flash: flash io: dio[0m
[0;33mW (284) spi_flash: Detected size(4096k) larger than the size in the binary image header(2048k). Using the size in the binary image header.[0m
[0;33mW (297) i2c: This driver is an old driver, please migrate your application code to adapt `driver/i2c_master.h`[0m
[0;32mI (307) main_task: Started on CPU0[0m
[0;32mI (317) main_task: Calling app_main()[0m
[1;31mE (317) rc522: Read/write test failed[0m
[0;32mI (317) gpio: GPIO[15]| InputEn: 0| OutputEn: 0| OpenDrain: 0| Pullup: 1| Pulldown: 0| Intr:0 [0m
[0;32mI (317) MFRC522_TEST: Leitor RC522 iniciado. Aproxime um cart√£o.[0m
[0;32mI (327) main_task: Returned from app_main()[0m
[1;31mE (417) rc522: write: Unknown transport[0m
[1;31mE (417) rc522: Failed to write data (err: ESP_ERR_INVALID_STATE)[0m
[1;31mE (417) rc522: write: Unknown transport[0m
[1;31mE (417) rc522: Failed to write data (err: ESP_ERR_INVALID_STATE)[0m
[1;31mE (417) rc522: read: Unknown transport[0m
[1;31mE (427) rc522: Failed to read data (err: ESP_ERR_INVALID_STATE)[0m
Guru Meditation Error: Core  0 panic'ed (LoadProhibited). Exception was unhandled.

Core  0 register dump:
PC      : 0x400d6fc3  PS      : 0x00060930  A0      : 0x800d6ffc  A1      : 0x3ffb5e80  
A2      : 0x3ffafe38  A3      : 0x00000004  A4      : 0x3f4035ac  A5      : 0x000001a1  
A6      : 0x3f40357c  A7      : 0x3f404d08  A8      : 0x800d6fc3  A9      : 0x3ffb5e60  
A10     : 0x00000000  A11     : 0x00000004  A12     : 0x000001ab  A13     : 0x3ffb5e90  
A14     : 0x3ffb5e70  A15     : 0x00000103  SAR     : 0x00000004  EXCCAUSE: 0x0000001c  
EXCVADDR: 0x00000000  LBEG    : 0x400014fd  LEND    : 0x4000150d  LCOUNT  : 0xfffffffa  


Backtrace: 0x400d6fc0:0x3ffb5e80 0x400d6ff9:0x3ffb5ea0 0x400d70cd:0x3ffb5ed0 0x400d71d0:0x3ffb5f00 0x400d7229:0x3ffb5f30 0x400d730f:0x3ffb5f60 0x4008830d:0x3ffb5f90




ELF file SHA256: 5065bcadd

Rebooting...
ets Jul 29 2019 12:21:46

rst:0xc (SW_CPU_RESET),boot:0x13 (SPI_FAST_FLASH_BOOT)
configsip: 0, SPIWP:0xee
clk_drv:0x00,q_drv:0x00,d_drv:0x00,cs0_drv:0x00,hd_drv:0x00,wp_drv:0x00
mode:DIO, clock div:2
load:0x3fff0030,len:6276
load:0x40078000,len:15748
load:0x40080400,len:4
ho 8 tail 4 room 4
load:0x40080404,len:3860
entry 0x4008063c
[0;32mI (31) boot: ESP-IDF v5.4.1 2nd stage bootloader[0m
[0;32mI (31) boot: compile time Jul 19 2025 19:11:20[0m
[0;32mI (31) boot: Multicore bootloader[0m
[0;32mI (32) boot: chip revision: v3.1[0m
[0;32mI (35) boot.esp32: SPI Speed      : 40MHz[0m
[0;32mI (39) boot.esp32: SPI Mode       : DIO[0m
[0;32mI (42) boot.esp32: SPI Flash Size : 2MB[0m
[0;32mI (46) boot: Enabling RNG early entropy source...[0m
[0;32mI (51) boot: Partition Table:[0m
[0;32mI (53) boot: ## Label            Usage          Type ST Offset   Length[0m
I (59) boot:  0 nvs              WiFi data        01 02 00009000 00006000
[0;32mI (66) boot:  1 phy_init         RF data          01 01 0000f000 00001000[0m
[0;32mI (72) boot:  2 factory          factory app      00 00 00010000 00100000[0m
[0;32mI (79) boot: End of partition table[0m
[0;32mI (82) esp_image: segment 0: paddr=00010020 vaddr=3f400020 size=0cc58h ( 52312) map[0m
[0;32mI (108) esp_image: segment 1: paddr=0001cc80 vaddr=3ff80000 size=0001ch (    28) load[0m
[0;32mI (108) esp_image: segment 2: paddr=0001cca4 vaddr=3ffb0000 size=02468h (  9320) load[0m
[0;32mI (115) esp_image: segment 3: paddr=0001f114 vaddr=40080000 size=00f04h (  3844) load[0m
[0;32mI (121) esp_image: segment 4: paddr=00020020 vaddr=400d0020 size=19c80h (105600) map[0m
[0;32mI (163) esp_image: segment 5: paddr=00039ca8 vaddr=40080f04 size=0eb6ch ( 60268) load[0m
[0;32mI (194) boot: Loaded app from partition at offset 0x10000[0m
[0;32mI (194) boot: Disabling RNG early entropy source...[0m
[0;32mI (204) cpu_start: Multicore app[0m
[0;32mI (213) cpu_start: Pro cpu start user code[0m
[0;32mI (213) cpu_start: cpu freq: 160000000 Hz[0m
[0;32mI (213) app_init: Application information:[0m
[0;32mI (213) app_init: Project name:     embedded[0m
[0;32mI (217) app_init: App version:      1[0m
[0;32mI (220) app_init: Compile time:     Jul 19 2025 19:11:08[0m
[0;32mI (225) app_init: ELF file SHA256:  5065bcadd...[0m
[0;32mI (229) app_init: ESP-IDF:          v5.4.1[0m
[0;32mI (233) efuse_init: Min chip rev:     v0.0[0m
[0;32mI (237) efuse_init: Max chip rev:     v3.99 [0m
[0;32mI (241) efuse_init: Chip rev:         v3.1[0m
[0;32mI (245) heap_init: Initializing. RAM available for dynamic allocation:[0m
[0;32mI (251) heap_init: At 3FFAE6E0 len 00001920 (6 KiB): DRAM[0m
[0;32mI (256) heap_init: At 3FFB2D60 len 0002D2A0 (180 KiB): DRAM[0m
[0;32mI (262) heap_init: At 3FFE0440 len 00003AE0 (14 KiB): D/IRAM[0m
[0;32mI (267) heap_init: At 3FFE4350 len 0001BCB0 (111 KiB): D/IRAM[0m
[0;32mI (273) heap_init: At 4008FA70 len 00010590 (65 KiB): IRAM[0m
[0;32mI (279) spi_flash: detected chip: generic[0m
[0;32mI (281) spi_flash: flash io: dio[0m
[0;33mW (284) spi_flash: Detected size(4096k) larger than the size in the binary image header(2048k). Using the size in the binary image header.[0m
[0;33mW (297) i2c: This driver is an old driver, please migrate your application code to adapt `driver/i2c_master.h`[0m
[0;32mI (307) main_task: Started on CPU0[0m
[0;32mI (317) main_task: Calling app_main()[0m
[1;31mE (317) rc522: Read/write test failed[0m
[0;32mI (317) gpio: GPIO[15]| InputEn: 0| OutputEn: 0| OpenDrain: 0| Pullup: 1| Pulldown: 0| Intr:0 [0m
[0;32mI (317) MFRC522_TEST: Leitor RC522 iniciado. Aproxime um cart√£o.[0m
[0;32mI (327) main_task: Returned from app_main()[0m
[1;31mE (417) rc522: write: Unknown transport[0m
[1;31mE (417) rc522: Failed to write data (err: ESP_ERR_INVALID_STATE)[0m
[1;31mE (417) rc522: write: Unknown transport[0m
[1;31mE (417) rc522: Failed to write data (err: ESP_ERR_INVALID_STATE)[0m
[1;31mE (417) rc522: read: Unknown transport[0m
[1;31mE (427) rc522: Failed to read data (err: ESP_ERR_INVALID_STATE)[0m
Guru Meditation Error: Core  0 panic'ed (LoadProhibited). Exception was unhandled.

Core  0 register dump:
PC      : 0x400d6fc3  PS      : 0x00060930  A0      : 0x800d6ffc  A1      : 0x3ffb5e80  
A2      : 0x3ffafe38  A3      : 0x00000004  A4      : 0x3f4035ac  A5      : 0x000001a1  
A6      : 0x3f40357c  A7      : 0x3f404d08  A8      : 0x800d6fc3  A9      : 0x3ffb5e60  
A10     : 0x00000000  A11     : 0x00000004  A12     : 0x000001ab  A13     : 0x3ffb5e90  
A14     : 0x3ffb5e70  A15     : 0x00000103  SAR     : 0x00000004  EXCCAUSE: 0x0000001c  
EXCVADDR: 0x00000000  LBEG    : 0x400014fd  LEND    : 0x4000150d  LCOUNT  : 0xfffffffa  


Backtrace: 0x400d6fc0:0x3ffb5e80 0x400d6ff9:0x3ffb5ea0 0x400d70cd:0x3ffb5ed0 0x400d71d0:0x3ffb5f00 0x400d7229:0x3ffb5f30 0x400d730f:0x3ffb5f60 0x4008830d:0x3ffb5f90




ELF file SHA256: 5065bcadd

Rebooting...
ets Jul 29 2019 12:21:46

rst:0xc (SW_CPU_RESET),boot:0x13 (SPI_FAST_FLASH_BOOT)
configsip: 0, SPIWP:0xee
clk_drv:0x00,q_drv:0x00,d_drv:0x00,cs0_drv:0x00,hd_drv:0x00,wp_drv:0x00
mode:DIO, clock div:2
load:0x3fff0030,len:6276
load:0x40078000,len:15748
load:0x40080400,len:4
ho 8 tail 4 room 4
load:0x40080404,len:3860
entry 0x4008063c
[0;32mI (31) boot: ESP-IDF v5.4.1 2nd stage bootloader[0m
[0;32mI (31) boot: compile time Jul 19 2025 19:11:20[0m
[0;32mI (31) boot: Multicore bootloader[0m
[0;32mI (32) boot: chip revision: v3.1[0m
[0;32mI (35) boot.esp32: SPI Speed      : 40MHz[0m
[0;32mI (39) boot.esp32: SPI Mode       : DIO[0m
[0;32mI (42) boot.esp32: SPI Flash Size : 2MB[0m
[0;32mI (46) boot: Enabling RNG early entropy source...[0m
[0;32mI (51) boot: Partition Table:[0m
[0;32mI (53) boot: ## Label            Usage          Type ST Offset   Length[0m
[0;32mI (59) boot:  0 nvs              WiFi data        01 02 00009000 00006000[0m
[0;32mI (66) boot:  1 phy_init         RF data          01 01 0000f000 00001000[0m
[0;32mI (72) boot:  2 factory          factory app      00 00 00010000 00100000[0m
[0;32mI (79) boot: End of partition table[0m
[0;32mI (82) esp_image: segment 0: paddr=00010020 vaddr=3f400020 size=0cc58h ( 52312) map[0m
[0;32mI (108) esp_image: segment 1: paddr=0001cc80 vaddr=3ff80000 size=0001ch (    28) load[0m
[0;32mI (108) esp_image: segment 2: paddr=0001cca4 vaddr=3ffb0000 size=02468h (  9320) load[0m
[0;32mI (115) esp_image: segment 3: paddr=0001f114 vaddr=40080000 size=00f04h (  3844) load[0m
[0;32mI (121) esp_image: segment 4: paddr=00020020 vaddr=400d0020 size=19c80h (105600) map[0m
[0;32mI (163) esp_image: segment 5: paddr=00039ca8 vaddr=40080f04 size=0eb6ch ( 60268) load[0m
[0;32mI (194) boot: Loaded app from partition at offset 0x10000[0m
[0;32mI (194) boot: Disabling RNG early entropy source...[0m
[0;32mI (204) cpu_start: Multicore app[0m
[0;32mI (213) cpu_start: Pro cpu start user code[0m
[0;32mI (213) cpu_start: cpu freq: 160000000 Hz[0m
[0;32mI (213) app_init: Application information:[0m
[0;32mI (213) app_init: Project name:     embedded[0m
[0;32mI (217) app_init: App version:      1[0m
[0;32mI (220) app_init: Compile time:     Jul 19 2025 19:11:08[0m
[0;32mI (225) app_init: ELF file SHA256:  5065bcadd...[0m
[0;32mI (230) app_init: ESP-IDF:          v5.4.1[0m
[0;32mI (233) efuse_init: Min chip rev:     v0.0[0m
[0;32mI (237) efuse_init: Max chip rev:     v3.99 [0m
[0;32mI (241) efuse_init: Chip rev:         v3.1[0m
[0;32mI (245) heap_init: Initializing. RAM available for dynamic allocation:[0m
[0;32mI (251) heap_init: At 3FFAE6E0 len 00001920 (6 KiB): DRAM[0m
[0;32mI (256) heap_init: At 3FFB2D60 len 0002D2A0 (180 KiB): DRAM[0m
[0;32mI (262) heap_init: At 3FFE0440 len 00003AE0 (14 KiB): D/IRAM[0m
[0;32mI (267) heap_init: At 3FFE4350 len 0001BCB0 (111 KiB): D/IRAM[0m
[0;32mI (273) heap_init: At 4008FA70 len 00010590 (65 KiB): IRAM[0m
[0;32mI (279) spi_flash: detected chip: generic[0m
[0;32mI (281) spi_flash: flash io: dio[0m
[0;33mW (284) spi_flash: Detected size(4096k) larger than the size in the binary image header(2048k). Using the size in the binary image header.[0m
[0;33mW (297) i2c: This driver is an old driver, please migrate your application code to adapt `driver/i2c_master.h`[0m
[0;32mI (307) main_task: Started on CPU0[0m
[0;32mI (317) main_task: Calling app_main()[0m
[1;31mE (317) rc522: Read/write test failed[0m
[0;32mI (317) gpio: GPIO[15]| InputEn: 0| OutputEn: 0| OpenDrain: 0| Pullup: 1| Pulldown: 0| Intr:0 [0m
[0;32mI (317) MFRC522_TEST: Leitor RC522 iniciado. Aproxime um cart√£o.[0m
[0;32mI (327) main_task: Returned from app_main()[0m
[1;31mE (417) rc522: write: Unknown transport[0m
[1;31mE (417) rc522: Failed to write data (err: ESP_ERR_INVALID_STATE)[0m
[1;31mE (417) rc522: write: Unknown transport[0m
[1;31mE (417) rc522: Failed to write data (err: ESP_ERR_INVALID_STATE)[0m
[1;31mE (417) rc522: read: Unknown transport[0m
[1;31mE (427) rc522: Failed to read data (err: ESP_ERR_INVALID_STATE)[0m
Guru Meditation Error: Core  0 panic'ed (LoadProhibited). Exception was unhandled.

Core  0 register dump:
PC      : 0x400d6fc3  PS      : 0x00060930  A0      : 0x800d6ffc  A1      : 0x3ffb5e80  
A2      : 0x3ffafe38  A3      : 0x00000004  A4      : 0x3f4035ac  A5      : 0x000001a1  
A6      : 0x3f40357c  A7      : 0x3f404d08  A8      : 0x800d6fc3  A9      : 0x3ffb5e60  
A10     : 0x00000000  A11     : 0x00000004  A12     : 0x000001ab  A13     : 0x3ffb5e90  
A14     : 0x3ffb5e70  A15     : 0x00000103  SAR     : 0x00000004  EXCCAUSE: 0x0000001c  
EXCVADDR: 0x00000000  LBEG    : 0x400014fd  LEND    : 0x4000150d  LCOUNT  : 0xfffffffa  


Backtrace: 0x400d6fc0:0x3ffb5e80 0x400d6ff9:0x3ffb5ea0 0x400d70cd:0x3ffb5ed0 0x400d71d0:0x3ffb5f00 0x400d7229:0x3ffb5f30 0x400d730f:0x3ffb5f60 0x4008830d:0x3ffb5f90




ELF file SHA256: 5065bcadd

Rebooting...
ets Jul 29 2019 12:21:46

rst:0xc (SW_CPU_RESET),boot:0x13 (SPI_FAST_FLASH_BOOT)
configsip: 0, SPIWP:0xee
clk_drv:0x00,q_drv:0x00,d_drv:0x00,cs0_drv:0x00,hd_drv:0x00,wp_drv:0x00
mode:DIO, clock div:2
load:0x3fff0030,len:6276
load:0x40078000,len:15748
load:0x40080400,len:4
ho 8 tail 4 room 4
load:0x40080404,len:3860
entry 0x4008063c
[0;32mI (31) boot: ESP-IDF v5.4.1 2nd stage bootloader[0m
[0;32mI (31) boot: compile time Jul 19 2025 19:11:20[0m
[0;32mI (31) boot: Multicore bootloader[0m
[0;32mI (32) boot: chip revision: v3.1[0m
[0;32mI (35) boot.esp32: SPI Speed      : 40MHz[0m
[0;32mI (39) boot.esp32: SPI Mode       : DIO[0m
[0;32mI (42) boot.esp32: SPI Flash Size : 2MB[0m
[0;32mI (46) boot: Enabling RNG early entropy source...[0m
[0;32mI (51) boot: Partition Table:[0m
[0;32mI (53) boot: ## Label            Usage          Type ST Offset   Length[0m
[0;32mI (59) boot:  0 nvs              WiFi data        01 02 00009000 00006000[0m
[0;32mI (66) boot:  1 phy_init         RF data          01 01 0000f000 00001000[0m
[0;32mI (72) boot:  2 factory          factory app      00 00 00010000 00100000[0m
[0;32mI (79) boot: End of partition table[0m
[0;32mI (82) esp_image: segment 0: paddr=00010020 vaddr=3f400020 size=0cc58h ( 52312) map[0m
[0;32mI (108) esp_image: segment 1: paddr=0001cc80 vaddr=3ff80000 size=0001ch (    28) load[0m
[0;32mI (108) esp_image: segment 2: paddr=0001cca4 vaddr=3ffb0000 size=02468h (  9320) load[0m
[0;32mI (115) esp_image: segment 3: paddr=0001f114 vaddr=40080000 size=00f04h (  3844) load[0m
[0;32mI (121) esp_image: segment 4: paddr=00020020 vaddr=400d0020 size=19c80h (105600) map[0m
[0;32mI (163) esp_image: segment 5: paddr=00039ca8 vaddr=40080f04 size=0eb6ch ( 60268) load[0m
[0;32mI (194) boot: Loaded app from partition at offset 0x10000[0m
[0;32mI (194) boot: Disabling RNG early entropy source...[0m
[0;32mI (204) cpu_start: Multicore app[0m
[0;32mI (213) cpu_start: Pro cpu start user code[0m
[0;32mI (213) cpu_start: cpu freq: 160000000 Hz[0m
[0;32mI (213) app_init: Application information:[0m
[0;32mI (213) app_init: Project name:     embedded[0m
[0;32mI (217) app_init: App version:      1[0m
[0;32mI (220) app_init: Compile time:     Jul 19 2025 19:11:08[0m
[0;32mI (225) app_init: ELF file SHA256:  5065bcadd...[0m
[0;32mI (230) app_init: ESP-IDF:          v5.4.1[0m
[0;32mI (233) efuse_init: Min chip rev:     v0.0[0m
[0;32mI (237) efuse_init: Max chip rev:     v3.99 [0m
[0;32mI (241) efuse_init: Chip rev:         v3.1[0m
[0;32mI (245) heap_init: Initializing. RAM available for dynamic allocation:[0m
[0;32mI (251) heap_init: At 3FFAE6E0 len 00001920 (6 KiB): DRAM[0m
[0;32mI (256) heap_init: At 3FFB2D60 len 0002D2A0 (180 KiB): DRAM[0m
[0;32mI (262) heap_init: At 3FFE0440 len 00003AE0 (14 KiB): D/IRAM[0m
[0;32mI (267) heap_init: At 3FFE4350 len 0001BCB0 (111 KiB): D/IRAM[0m
[0;32mI (273) heap_init: At 4008FA70 len 00010590 (65 KiB): IRAM[0m
[0;32mI (279) spi_flash: detected chip: generic[0m
[0;32mI (281) spi_flash: flash io: dio[0m
[0;33mW (284) spi_flash: Detected size(4096k) larger than the size in the binary image header(2048k). Using the size in the binary image header.[0m
[0;33mW (297) i2c: This driver is an old driver, please migrate your application code to adapt `driver/i2c_master.h`[0m
[0;32mI (307) main_task: Started on CPU0[0m
[0;32mI (317) main_task: Calling app_main()[0m
[1;31mE (317) rc522: Read/write test failed[0m
[0;32mI (317) gpio: GPIO[15]| InputEn: 0| OutputEn: 0| OpenDrain: 0| Pullup: 1| Pulldown: 0| Intr:0 [0m
[0;32mI (317) MFRC522_TEST: Leitor RC522 iniciado. Aproxime um cart√£o.[0m
[0;32mI (327) main_task: Returned from app_main()[0m
[1;31mE (417) rc522: write: Unknown transport[0m
[1;31mE (417) rc522: Failed to write data (err: ESP_ERR_INVALID_STATE)[0m
[1;31mE (417) rc522: write: Unknown transport[0m
[1;31mE (417) rc522: Failed to write data (err: ESP_ERR_INVALID_STATE)[0m
[1;31mE (417) rc522: read: Unknown transport[0m
[1;31mE (427) rc522: Failed to read data (err: ESP_ERR_INVALID_STATE)[0m
Guru Meditation Error: Core  0 panic'ed (LoadProhibited). Exception was unhandled.

Core  0 register dump:
PC      : 0x400d6fc3  PS      : 0x00060930  A0      : 0x800d6ffc  A1      : 0x3ffb5e80  
A2      : 0x3ffafe38  A3      : 0x00000004  A4      : 0x3f4035ac  A5      : 0x000001a1  
A6      : 0x3f40357c  A7      : 0x3f404d08  A8      : 0x800d6fc3  A9      : 0x3ffb5e60  
A10     : 0x00000000  A11     : 0x00000004  A12     : 0x000001ab  A13     : 0x3ffb5e90  
A14     : 0x3ffb5e70  A15     : 0x00000103  SAR     : 0x00000004  EXCCAUSE: 0x0000001c  
EXCVADDR: 0x00000000  LBEG    : 0x400014fd  LEND    : 0x4000150d  LCOUNT  : 0xfffffffa  


Backtrace: 0x400d6fc0:0x3ffb5e80 0x400d6ff9:0x3ffb5ea0 0x400d70cd:0x3ffb5ed0 0x400d71d0:0x3ffb5f00 0x400d7229:0x3ffb5f30 0x400d730f:0x3ffb5f60 0x4008830d:0x3ffb5f90




ELF file SHA256: 5065bcadd

Rebooting...
ets Jul 29 2019 12:21:46

rst:0xc (SW_CPU_RESET),boot:0x13 (SPI_FAST_FLASH_BOOT)
configsip: 0, SPIWP:0xee
clk_drv:0x00,q_drv:0x00,d_drv:0x00,cs0_drv:0x00,hd_drv:0x00,wp_drv:0x00
mode:DIO, clock div:2
load:0x3fff0030,len:6276
load:0x40078000,len:15748
load:0x40080400,len:4
ho 8 tail 4 room 4
load:0x40080404,len:3860
entry 0x4008063c
[0;32mI (31) boot: ESP-IDF v5.4.1 2nd stage bootloader[0m
[0;32mI (31) boot: compile time Jul 19 2025 19:11:20[0m
[0;32mI (31) boot: Multicore bootloader[0m
[0;32mI (32) boot: chip revision: v3.1[0m
[0;32mI (35) boot.esp32: SPI Speed      : 40MHz[0m
[0;32mI (39) boot.esp32: SPI Mode       : DIO[0m
[0;32mI (42) boot.esp32: SPI Flash Size : 2MB[0m
[0;32mI (46) boot: Enabling RNG early entropy source...[0m
[0;32mI (51) boot: Partition Table:[0m
[0;32mI (53) boot: ## Label            Usage          Type ST Offset   Length[0m
[0;32mI (59) boot:  0 nvs              WiFi data        01 02 00009000 00006000[0m
[0;32mI (66) boot:  1 phy_init         RF data          01 01 0000f000 00001000[0m
[0;32mI (72) boot:  2 factory          factory app      00 00 00010000 00100000[0m
[0;32mI (79) boot: End of partition table[0m
[0;32mI (82) esp_image: segment 0: paddr=00010020 vaddr=3f400020 size=0cc58h ( 52312) map[0m
[0;32mI (108) esp_image: segment 1: paddr=0001cc80 vaddr=3ff80000 size=0001ch (    28) load[0m
[0;32mI (108) esp_image: segment 2: paddr=0001cca4 vaddr=3ffb0000 size=02468h (  9320) load[0m
[0;32mI (115) esp_image: segment 3: paddr=0001f114 vaddr=40080000 size=00f04h (  3844) load[0m
[0;32mI (121) esp_image: segment 4: paddr=00020020 vaddr=400d0020 size=19c80h (105600) map[0m
[0;32mI (163) esp_image: segment 5: paddr=00039ca8 vaddr=40080f04 size=0eb6ch ( 60268) load[0m
[0;32mI (194) boot: Loaded app from partition at offset 0x10000[0m
[0;32mI (194) boot: Disabling RNG early entropy source...[0m
[0;32mI (204) cpu_start: Multicore app[0m
[0;32mI (213) cpu_start: Pro cpu start user code[0m
[0;32mI (213) cpu_start: cpu freq: 160000000 Hz[0m
[0;32mI (213) app_init: Application information:[0m
[0;32mI (213) app_init: Project name:     embedded[0m
[0;32mI (217) app_init: App version:      1[0m
[0;32mI (220) app_init: Compile time:     Jul 19 2025 19:11:08[0m
[0;32mI (225) app_init: ELF file SHA256:  5065bcadd...[0m
[0;32mI (229) app_init: ESP-IDF:          v5.4.1[0m
[0;32mI (233) efuse_init: Min chip rev:     v0.0[0m
[0;32mI (237) efuse_init: Max chip rev:     v3.99 [0m
[0;32mI (241) efuse_init: Chip rev:         v3.1[0m
[0;32mI (245) heap_init: Initializing. RAM available for dynamic allocation:[0m
[0;32mI (251) heap_init: At 3FFAE6E0 len 00001920 (6 KiB): DRAM[0m
[0;32mI (256) heap_init: At 3FFB2D60 len 0002D2A0 (180 KiB): DRAM[0m
[0;32mI (262) heap_init: At 3FFE0440 len 00003AE0 (14 KiB): D/IRAM[0m
[0;32mI (267) heap_init: At 3FFE4350 len 0001BCB0 (111 KiB): D/IRAM[0m
[0;32mI (273) heap_init: At 4008FA70 len 00010590 (65 KiB): IRAM[0m
[0;32mI (279) spi_flash: detected chip: generic[0m
[0;32mI (281) spi_flash: flash io: dio[0m
[0;33mW (284) spi_flash: Detected size(4096k) larger than the size in the binary image header(2048k). Using the size in the binary image header.[0m
[0;33mW (297) i2c: This driver is an old driver, please migrate your application code to adapt `driver/i2c_master.h`[0m
[0;32mI (307) main_task: Started on CPU0[0m
[0;32mI (317) main_task: Calling app_main()[0m
[1;31mE (317) rc522: Read/write test failed[0m
[0;32mI (317) gpio: GPIO[15]| InputEn: 0| OutputEn: 0| OpenDrain: 0| Pullup: 1| Pulldown: 0| Intr:0 [0m
[0;32mI (317) MFRC522_TEST: Leitor RC522 iniciado. Aproxime um cart√£o.[0m
[0;32mI (327) main_task: Returned from app_main()[0m
[1;31mE (417) rc522: write: Unknown transport[0m
[1;31mE (417) rc522: Failed to write data (err: ESP_ERR_INVALID_STATE)[0m
[1;31mE (417) rc522: write: Unknown transport[0m
[1;31mE (417) rc522: Failed to write data (err: ESP_ERR_INVALID_STATE)[0m
[1;31mE (417) rc522: read: Unknown transport[0m
[1;31mE (427) rc522: Failed to read data (err: ESP_ERR_INVALID_STATE)[0m
Guru Meditation Error: Core  0 panic'ed (LoadProhibited). Exception was unhandled.

Core  0 register dump:
PC      : 0x400d6fc3  PS      : 0x00060930  A0      : 0x800d6ffc  A1      : 0x3ffb5e80  
A2      : 0x3ffafe38  A3      : 0x00000004  A4      : 0x3f4035ac  A5      : 0x000001a1  
A6      : 0x3f40357c  A7      : 0x3f404d08  A8      : 0x800d6fc3  A9      : 0x3ffb5e60  
A10     : 0x00000000  A11     : 0x00000004  A12     : 0x000001ab  A13     : 0x3ffb5e90  
A14     : 0x3ffb5e70  A15     : 0x00000103  SAR     : 0x00000004  EXCCAUSE: 0x0000001c  
EXCVADDR: 0x00000000  LBEG    : 0x400014fd  LEND    : 0x4000150d  LCOUNT  : 0xfffffffa  


Backtrace: 0x400d6fc0:0x3ffb5e80 0x400d6ff9:0x3ffb5ea0 0x400d70cd:0x3ffb5ed0 0x400d71d0:0x3ffb5f00 0x400d7229:0x3ffb5f30 0x400d730f:0x3ffb5f60 0x4008830d:0x3ffb5f90




ELF file SHA256: 5065bcadd

Rebooting...
ets Jul 29 2019 12:21:46

rst:0xc (SW_CPU_RESET),boot:0x13 (SPI_FAST_FLASH_BOOT)
configsip: 0, SPIWP:0xee
clk_drv:0x00,q_drv:0x00,d_drv:0x00,cs0_drv:0x00,hd_drv:0x00,wp_drv:0x00
mode:DIO, clock div:2
load:0x3fff0030,len:6276
load:0x40078000,len:15748
load:0x40080400,len:4
ho 8 tail 4 room 4
load:0x40080404,len:3860
entry 0x4008063c
[0;32mI (31) boot: ESP-IDF v5.4.1 2nd stage bootloader[0m
[0;32mI (31) boot: compile time Jul 19 2025 19:11:20[0m
[0;32mI (31) boot: Multicore bootloader[0m
[0;32mI (32) boot: chip revision: v3.1[0m
[0;32mI (35) boot.esp32: SPI Speed      : 40MHz[0m
[0;32mI (39) boot.esp32: SPI Mode       : DIO[0m
[0;32mI (42) boot.esp32: SPI Flash Size : 2MB[0m
[0;32mI (46) boot: Enabling RNG early entropy source...[0m
[0;32mI (51) boot: Partition Table:[0m
[0;32mI (53) boot: ## Label            Usage          Type ST Offset   Length[0m
[0;32mI (59) boot:  0 nvs              WiFi data        01 02 00009000 00006000[0m
[0;32mI (66) boot:  1 phy_init         RF data          01 01 0000f000 00001000[0m
[0;32mI (72) boot:  2 factory          factory app      00 00 00010000 00100000[0m
[0;32mI (79) boot: End of partition table[0m
[0;32mI (82) esp_image: segment 0: paddr=00010020 vaddr=3f400020 size=0cc58h ( 52312) map[0m
[0;32mI (108) esp_image: segment 1: paddr=0001cc80 vaddr=3ff80000 size=0001ch (    28) load[0m
[0;32mI (108) esp_image: segment 2: paddr=0001cca4 vaddr=3ffb0000 size=02468h (  9320) load[0m
[0;32mI (115) esp_image: segment 3: paddr=0001f114 vaddr=40080000 size=00f04h (  3844) load[0m
[0;32mI (121) esp_image: segment 4: paddr=00020020 vaddr=400d0020 size=19c80h (105600) map[0m
[0;32mI (163) esp_image: segment 5: paddr=00039ca8 vaddr=40080f04 size=0eb6ch ( 60268) load[0m
[0;32mI (194) boot: Loaded app from partition at offset 0x10000[0m
[0;32mI (194) boot: Disabling RNG early entropy source...[0m
[0;32mI (204) cpu_start: Multicore app[0m
[0;32mI (213) cpu_start: Pro cpu start user code[0m
[0;32mI (213) cpu_start: cpu freq: 160000000 Hz[0m
[0;32mI (213) app_init: Application information:[0m
[0;32mI (213) app_init: Project name:     embedded[0m
[0;32mI (217) app_init: App version:      1[0m
[0;32mI (220) app_init: Compile time:     Jul 19 2025 19:11:08[0m
[0;32mI (225) app_init: ELF file SHA256:  5065bcadd...[0m
[0;32mI (229) app_init: ESP-IDF:          v5.4.1[0m
[0;32mI (233) efuse_init: Min chip rev:     v0.0[0m
[0;32mI (237) efuse_init: Max chip rev:     v3.99 [0m
[0;32mI (241) efuse_init: Chip rev:         v3.1[0m
[0;32mI (245) heap_init: Initializing. RAM available for dynamic allocation:[0m
[0;32mI (251) heap_init: At 3FFAE6E0 len 00001920 (6 KiB): DRAM[0m
[0;32mI (256) heap_init: At 3FFB2D60 len 0002D2A0 (180 KiB): DRAM[0m
[0;32mI (262) heap_init: At 3FFE0440 len 00003AE0 (14 KiB): D/IRAM[0m
[0;32mI (267) heap_init: At 3FFE4350 len 0001BCB0 (111 KiB): D/IRAM[0m
[0;32mI (273) heap_init: At 4008FA70 len 00010590 (65 KiB): IRAM[0m
[0;32mI (279) spi_flash: detected chip: generic[0m
[0;32mI (281) spi_flash: flash io: dio[0m
[0;33mW (284) spi_flash: Detected size(4096k) larger than the size in the binary image header(2048k). Using the size in the binary image header.[0m
[0;33mW (297) i2c: This driver is an old driver, please migrate your application code to adapt `driver/i2c_master.h`[0m
[0;32mI (307) main_task: Started on CPU0[0m
[0;32mI (317) main_task: Calling app_main()[0m
[1;31mE (317) rc522: Read/write test failed[0m
[0;32mI (317) gpio: GPIO[15]| InputEn: 0| OutputEn: 0| OpenDrain: 0| Pullup: 1| Pulldown: 0| Intr:0 [0m
[0;32mI (317) MFRC522_TEST: Leitor RC522 iniciado. Aproxime um cart√£o.[0m
[0;32mI (327) main_task: Returned from app_main()[0m
[1;31mE (417) rc522: write: Unknown transport[0m
[1;31mE (417) rc522: Failed to write data (err: ESP_ERR_INVALID_STATE)[0m
[1;31mE (417) rc522: write: Unknown transport[0m
[1;31mE (417) rc522: Failed to write data (err: ESP_ERR_INVALID_STATE)[0m
[1;31mE (417) rc522: read: Unknown transport[0m
[1;31mE (427) rc522: Failed to read data (err: ESP_ERR_INVALID_STATE)[0m
Guru Meditation Error: Core  0 panic'ed (LoadProhibited). Exception was unhandled.

Core  0 register dump:
PC      : 0x400d6fc3  PS      : 0x00060930  A0      : 0x800d6ffc  A1      : 0x3ffb5e80  
A2      : 0x3ffafe38  A3      : 0x00000004  A4      : 0x3f4035ac  A5      : 0x000001a1  
A6      : 0x3f40357c  A7      : 0x3f404d08  A8      : 0x800d6fc3  A9      : 0x3ffb5e60  
A10     : 0x00000000  A11     : 0x00000004  A12     : 0x000001ab  A13     : 0x3ffb5e90  
A14     : 0x3ffb5e70  A15     : 0x00000103  SAR     : 0x00000004  EXCCAUSE: 0x0000001c  
EXCVADDR: 0x00000000  LBEG    : 0x400014fd  LEND    : 0x4000150d  LCOUNT  : 0xfffffffa  


Backtrace: 0x400d6fc0:0x3ffb5e80 0x400d6ff9:0x3ffb5ea0 0x400d70cd:0x3ffb5ed0 0x400d71d0:0x3ffb5f00 0x400d7229:0x3ffb5f30 0x400d730f:0x3ffb5f60 0x4008830d:0x3ffb5f90




ELF file SHA256: 5065bcadd

Rebooting...
ets Jul 29 2019 12:21:46

rst:0xc (SW_CPU_RESET),boot:0x13 (SPI_FAST_FLASH_BOOT)
configsip: 0, SPIWP:0xee
clk_drv:0x00,q_drv:0x00,d_drv:0x00,cs0_drv:0x00,hd_drv:0x00,wp_drv:0x00
mode:DIO, clock div:2
load:0x3fff0030,len:6276
load:0x40078000,len:15748
load:0x40080400,len:4
ho 8 tail 4 room 4
load:0x40080404,len:3860
entry 0x4008063c
[0;32mI (31) boot: ESP-IDF v5.4.1 2nd stage bootloader[0m
[0;32mI (31) boot: compile time Jul 19 2025 19:11:20[0m
[0;32mI (31) boot: Multicore bootloader[0m
[0;32mI (32) boot: chip revision: v3.1[0m
[0;32mI (35) boot.esp32: SPI Speed      : 40MHz[0m
[0;32mI (39) boot.esp32: SPI Mode       : DIO[0m
[0;32mI (42) boot.esp32: SPI Flash Size : 2MB[0m
[0;32mI (46) boot: Enabling RNG early entropy source...[0m
[0;32mI (51) boot: Partition Table:[0m
[0;32mI (53) boot: ## Label            Usage          Type ST Offset   Length[0m
[0;32mI (59) boot:  0 nvs              WiFi data        01 02 00009000 00006000[0m
[0;32mI (66) boot:  1 phy_init         RF data          01 01 0000f000 00001000[0m
[0;32mI (72) boot:  2 factory          factory app      00 00 00010000 00100000[0m
[0;32mI (79) boot: End of partition table[0m
[0;32mI (82) esp_image: segment 0: paddr=00010020 vaddr=3f400020 size=0cc58h ( 52312) map[0m
[0;32mI (108) esp_image: segment 1: paddr=0001cc80 vaddr=3ff80000 size=0001ch (    28) load[0m
[0;32mI (108) esp_image: segment 2: paddr=0001cca4 vaddr=3ffb0000 size=02468h (  9320) load[0m
[0;32mI (115) esp_image: segment 3: paddr=0001f114 vaddr=40080000 size=00f04h (  3844) load[0m
[0;32mI (121) esp_image: segment 4: paddr=00020020 vaddr=400d0020 size=19c80h (105600) map[0m
[0;32mI (163) esp_image: segment 5: paddr=00039ca8 vaddr=40080f04 size=0eb6ch ( 60268) load[0m
[0;32mI (194) boot: Loaded app from partition at offset 0x10000[0m
[0;32mI (194) boot: Disabling RNG early entropy source...[0m
[0;32mI (204) cpu_start: Multicore app[0m
[0;32mI (213) cpu_start: Pro cpu start user code[0m
[0;32mI (213) cpu_start: cpu freq: 160000000 Hz[0m
[0;32mI (213) app_init: Application information:[0m
[0;32mI (213) app_init: Project name:     embedded[0m
[0;32mI (217) app_init: App version:      1[0m
[0;32mI (220) app_init: Compile time:     Jul 19 2025 19:11:08[0m
[0;32mI (225) app_init: ELF file SHA256:  5065bcadd...[0m
[0;32mI (229) app_init: ESP-IDF:          v5.4.1[0m
[0;32mI (233) efuse_init: Min chip rev:     v0.0[0m
[0;32mI (237) efuse_init: Max chip rev:     v3.99 [0m
[0;32mI (241) efuse_init: Chip rev:         v3.1[0m
[0;32mI (245) heap_init: Initializing. RAM available for dynamic allocation:[0m
[0;32mI (251) heap_init: At 3FFAE6E0 len 00001920 (6 KiB): DRAM[0m
[0;32mI (256) heap_init: At 3FFB2D60 len 0002D2A0 (180 KiB): DRAM[0m
[0;32mI (262) heap_init: At 3FFE0440 len 00003AE0 (14 KiB): D/IRAM[0m
[0;32mI (267) heap_init: At 3FFE4350 len 0001BCB0 (111 KiB): D/IRAM[0m
[0;32mI (273) heap_init: At 4008FA70 len 00010590 (65 KiB): IRAM[0m
[0;32mI (279) spi_flash: detected chip: generic[0m
[0;32mI (281) spi_flash: flash io: dio[0m
[0;33mW (284) spi_flash: Detected size(4096k) larger than the size in the binary image header(2048k). Using the size in the binary image header.[0m
[0;33mW (297) i2c: This driver is an old driver, please migrate your application code to adapt `driver/i2c_master.h`[0m
[0;32mI (307) main_task: Started on CPU0[0m
[0;32mI (317) main_task: Calling app_main()[0m
[1;31mE (317) rc522: Read/write test failed[0m
[0;32mI (317) gpio: GPIO[15]| InputEn: 0| OutputEn: 0| OpenDrain: 0| Pullup: 1| Pulldown: 0| Intr:0 [0m
[0;32mI (317) MFRC522_TEST: Leitor RC522 iniciado. Aproxime um cart√£o.[0m
[0;32mI (327) main_task: Returned from app_main()[0m
[1;31mE (417) rc522: write: Unknown transport[0m
[1;31mE (417) rc522: Failed to write data (err: ESP_ERR_INVALID_STATE)[0m
[1;31mE (417) rc522: write: Unknown transport[0m
[1;31mE (417) rc522: Failed to write data (err: ESP_ERR_INVALID_STATE)[0m
[1;31mE (417) rc522: read: Unknown transport[0m
[1;31mE (427) rc522: Failed to read data (err: ESP_ERR_INVALID_STATE)[0m
Guru Meditation Error: Core  0 panic'ed (LoadProhibited). Exception was unhandled.

Core  0 register dump:
PC      : 0x400d6fc3  PS      : 0x00060930  A0      : 0x800d6ffc  A1      : 0x3ffb5e80  
A2      : 0x3ffafe38  A3      : 0x00000004  A4      : 0x3f4035ac  A5      : 0x000001a1  
A6      : 0x3f40357c  A7      : 0x3f404d08  A8      : 0x800d6fc3  A9      : 0x3ffb5e60  
A10     : 0x00000000  A11     : 0x00000004  A12     : 0x000001ab  A13     : 0x3ffb5e90  
A14     : 0x3ffb5e70  A15     : 0x00000103  SAR     : 0x00000004  EXCCAUSE: 0x0000001c  
EXCVADDR: 0x00000000  LBEG    : 0x400014fd  LEND    : 0x4000150d  LCOUNT  : 0xfffffffa  


Backtrace: 0x400d6fc0:0x3ffb5e80 0x400d6ff9:0x3ffb5ea0 0x400d70cd:0x3ffb5ed0 0x400d71d0:0x3ffb5f00 0x400d7229:0x3ffb5f30 0x400d730f:0x3ffb5f60 0x4008830d:0x3ffb5f90




ELF file SHA256: 5065bcadd

Rebooting...
ets Jul 29 2019 12:21:46

rst:0xc (SW_CPU_RESET),boot:0x13 (SPI_FAST_FLASH_BOOT)
configsip: 0, SPIWP:0xee
clk_drv:0x00,q_drv:0x00,d_drv:0x00,cs0_drv:0x00,hd_drv:0x00,wp_drv:0x00
mode:DIO, clock div:2
load:0x3fff0030,len:6276
load:0x40078000,len:15748
load:0x40080400,len:4
ho 8 tail 4 room 4
load:0x40080404,len:3860
entry 0x4008063c
[0;32mI (31) boot: ESP-IDF v5.4.1 2nd stage bootloader[0m
[0;32mI (31) boot: compile time Jul 19 2025 19:11:20[0m
[0;32mI (31) boot: Multicore bootloader[0m
[0;32mI (32) boot: chip revision: v3.1[0m
[0;32mI (35) boot.esp32: SPI Speed      : 40MHz[0m
[0;32mI (39) boot.esp32: SPI Mode       : DIO[0m
[0;32mI (42) boot.esp32: SPI Flash Size : 2MB[0m
[0;32mI (46) boot: Enabling RNG early entropy source...[0m
[0;32mI (51) boot: Partition Table:[0m
[0;32mI (53) boot: ## Label            Usage          Type ST Offset   Length[0m
[0;32mI (59) boot:  0 nvs              WiFi data        01 02 00009000 00006000[0m
[0;32mI (66) boot:  1 phy_init         RF data          01 01 0000f000 00001000[0m
[0;32mI (72) boot:  2 factory          factory app      00 00 00010000 00100000[0m
[0;32mI (79) boot: End of partition table[0m
[0;32mI (82) esp_image: segment 0: paddr=00010020 vaddr=3f400020 size=0cc58h ( 52312) map[0m
[0;32mI (108) esp_image: segment 1: paddr=0001cc80 vaddr=3ff80000 size=0001ch (    28) load[0m
[0;32mI (108) esp_image: segment 2: paddr=0001cca4 vaddr=3ffb0000 size=02468h (  9320) load[0m
[0;32mI (115) esp_image: segment 3: paddr=0001f114 vaddr=40080000 size=00f04h (  3844) load[0m
[0;32mI (121) esp_image: segment 4: paddr=00020020 vaddr=400d0020 size=19c80h (105600) map[0m
[0;32mI (163) esp_image: segment 5: paddr=00039ca8 vaddr=40080f04 size=0eb6ch ( 60268) load[0m
[0;32mI (194) boot: Loaded app from partition at offset 0x10000[0m
[0;32mI (194) boot: Disabling RNG early entropy source...[0m
[0;32mI (204) cpu_start: Multicore app[0m
[0;32mI (213) cpu_start: Pro cpu start user code[0m
[0;32mI (213) cpu_start: cpu freq: 160000000 Hz[0m
[0;32mI (213) app_init: Application information:[0m
[0;32mI (213) app_init: Project name:     embedded[0m
[0;32mI (217) app_init: App version:      1[0m
[0;32mI (220) app_init: Compile time:     Jul 19 2025 19:11:08[0m
[0;32mI (225) app_init: ELF file SHA256:  5065bcadd...[0m
[0;32mI (230) app_init: ESP-IDF:          v5.4.1[0m
[0;32mI (233) efuse_init: Min chip rev:     v0.0[0m
[0;32mI (237) efuse_init: Max chip rev:     v3.99 [0m
[0;32mI (241) efuse_init: Chip rev:         v3.1[0m
[0;32mI (245) heap_init: Initializing. RAM available for dynamic allocation:[0m
[0;32mI (251) heap_init: At 3FFAE6E0 len 00001920 (6 KiB): DRAM[0m
[0;32mI (256) heap_init: At 3FFB2D60 len 0002D2A0 (180 KiB): DRAM[0m
[0;32mI (262) heap_init: At 3FFE0440 len 00003AE0 (14 KiB): D/IRAM[0m
[0;32mI (267) heap_init: At 3FFE4350 len 0001BCB0 (111 KiB): D/IRAM[0m
[0;32mI (273) heap_init: At 4008FA70 len 00010590 (65 KiB): IRAM[0m
[0;32mI (279) spi_flash: detected chip: generic[0m
[0;32mI (281) spi_flash: flash io: dio[0m
[0;33mW (284) spi_flash: Detected size(4096k) larger than the size in the binary image header(2048k). Using the size in the binary image header.[0m
[0;33mW (297) i2c: This driver is an old driver, please migrate your application code to adapt `driver/i2c_master.h`[0m
[0;32mI (307) main_task: Started on CPU0[0m
[0;32mI (317) main_task: Calling app_main()[0m
[1;31mE (317) rc522: Read/write test failed[0m
[0;32mI (317) gpio: GPIO[15]| InputEn: 0| OutputEn: 0| OpenDrain: 0| Pullup: 1| Pulldown: 0| Intr:0 [0m
[0;32mI (317) MFRC522_TEST: Leitor RC522 iniciado. Aproxime um cart√£o.[0m
[0;32mI (327) main_task: Returned from app_main()[0m
[1;31mE (417) rc522: write: Unknown transport[0m
[1;31mE (417) rc522: Failed to write data (err: ESP_ERR_INVALID_STATE)[0m
[1;31mE (417) rc522: write: Unknown transport[0m
[1;31mE (417) rc522: Failed to write data (err: ESP_ERR_INVALID_STATE)[0m
[1;31mE (417) rc522: read: Unknown transport[0m
[1;31mE (427) rc522: Failed to read data (err: ESP_ERR_INVALID_STATE)[0m
Guru Meditation Error: Core  0 panic'ed (LoadProhibited). Exception was unhandled.

Core  0 register dump:
PC      : 0x400d6fc3  PS      : 0x00060930  A0      : 0x800d6ffc  A1      : 0x3ffb5e80  
A2      : 0x3ffafe38  A3      : 0x00000004  A4      : 0x3f4035ac  A5      : 0x000001a1  
A6      : 0x3f40357c  A7      : 0x3f404d08  A8      : 0x800d6fc3  A9      : 0x3ffb5e60  
A10     : 0x00000000  A11     : 0x00000004  A12     : 0x000001ab  A13     : 0x3ffb5e90  
A14     : 0x3ffb5e70  A15     : 0x00000103  SAR     : 0x00000004  EXCCAUSE: 0x0000001c  
EXCVADDR: 0x00000000  LBEG    : 0x400014fd  LEND    : 0x4000150d  LCOUNT  : 0xfffffffa  


Backtrace: 0x400d6fc0:0x3ffb5e80 0x400d6ff9:0x3ffb5ea0 0x400d70cd:0x3ffb5ed0 0x400d71d0:0x3ffb5f00 0x400d7229:0x3ffb5f30 0x400d730f:0x3ffb5f60 0x4008830d:0x3ffb5f90




ELF file SHA256: 5065bcadd

Rebooting...
ets Jul 29 2019 12:21:46

rst:0xc (SW_CPU_RESET),boot:0x13 (SPI_FAST_FLASH_BOOT)
configsip: 0, SPIWP:0xee
clk_drv:0x00,q_drv:0x00,d_drv:0x00,cs0_drv:0x00,hd_drv:0x00,wp_drv:0x00
mode:DIO, clock div:2
load:0x3fff0030,len:6276
load:0x40078000,len:15748
load:0x40080400,len:4
ho 8 tail 4 room 4
load:0x40080404,len:3860
entry 0x4008063c
[0;32mI (31) boot: ESP-IDF v5.4.1 2nd stage bootloader[0m
[0;32mI (31) boot: compile time Jul 19 2025 19:11:20[0m
[0;32mI (31) boot: Multicore bootloader[0m
[0;32mI (32) boot: chip revision: v3.1[0m
[0;32mI (35) boot.esp32: SPI Speed      : 40MHz[0m
[0;32mI (39) boot.esp32: SPI Mode       : DIO[0m
[0;32mI (42) boot.esp32: SPI Flash Size : 2MB[0m
[0;32mI (46) boot: Enabling RNG early entropy source...[0m
[0;32mI (51) boot: Partition Table:[0m
[0;32mI (53) boot: ## Label            Usage          Type ST Offset   Length[0m
[0;32mI (59) boot:  0 nvs              WiFi data        01 02 00009000 00006000[0m
[0;32mI (66) boot:  1 phy_init         RF data          01 01 0000f000 00001000[0m
[0;32mI (72) boot:  2 factory          factory app      00 00 00010000 00100000[0m
[0;32mI (79) boot: End of partition table[0m
[0;32mI (82) esp_image: segment 0: paddr=00010020 vaddr=3f400020 size=0cc58h ( 52312) map[0m
[0;32mI (108) esp_image: segment 1: paddr=0001cc80 vaddr=3ff80000 size=0001ch (    28) load[0m
[0;32mI (108) esp_image: segment 2: paddr=0001cca4 vaddr=3ffb0000 size=02468h (  9320) load[0m
[0;32mI (115) esp_image: segment 3: paddr=0001f114 vaddr=40080000 size=00f04h (  3844) load[0m
[0;32mI (121) esp_image: segment 4: paddr=00020020 vaddr=400d0020 size=19c80h (105600) map[0m
[0;32mI (163) esp_image: segment 5: paddr=00039ca8 vaddr=40080f04 size=0eb6ch ( 60268) load[0m
[0;32mI (194) boot: Loaded app from partition at offset 0x10000[0m
[0;32mI (194) boot: Disabling RNG early entropy source...[0m
[0;32mI (204) cpu_start: Multicore app[0m
[0;32mI (213) cpu_start: Pro cpu start user code[0m
[0;32mI (213) cpu_start: cpu freq: 160000000 Hz[0m
[0;32mI (213) app_init: Application information:[0m
[0;32mI (213) app_init: Project name:     embedded[0m
[0;32mI (217) app_init: App version:      1[0m
[0;32mI (220) app_init: Compile time:     Jul 19 2025 19:11:08[0m
[0;32mI (225) app_init: ELF file SHA256:  5065bcadd...[0m
[0;32mI (230) app_init: ESP-IDF:          v5.4.1[0m
[0;32mI (233) efuse_init: Min chip rev:     v0.0[0m
[0;32mI (237) efuse_init: Max chip rev:     v3.99 [0m
[0;32mI (241) efuse_init: Chip rev:         v3.1[0m
[0;32mI (245) heap_init: Initializing. RAM available for dynamic allocation:[0m
[0;32mI (251) heap_init: At 3FFAE6E0 len 00001920 (6 KiB): DRAM[0m
[0;32mI (256) heap_init: At 3FFB2D60 len 0002D2A0 (180 KiB): DRAM[0m
[0;32mI (262) heap_init: At 3FFE0440 len 00003AE0 (14 KiB): D/IRAM[0m
[0;32mI (267) heap_init: At 3FFE4350 len 0001BCB0 (111 KiB): D/IRAM[0m
[0;32mI (273) heap_init: At 4008FA70 len 00010590 (65 KiB): IRAM[0m
[0;32mI (279) spi_flash: detected chip: generic[0m
[0;32mI (281) spi_flash: flash io: dio[0m
[0;33mW (284) spi_flash: Detected size(4096k) larger than the size in the binary image header(2048k). Using the size in the binary image header.[0m
[0;33mW (297) i2c: This driver is an old driver, please migrate your application code to adapt `driver/i2c_master.h`[0m
[0;32mI (307) main_task: Started on CPU0[0m
[0;32mI (317) main_task: Calling app_main()[0m
[1;31mE (317) rc522: Read/write test failed[0m
[0;32mI (317) gpio: GPIO[15]| InputEn: 0| OutputEn: 0| OpenDrain: 0| Pullup: 1| Pulldown: 0| Intr:0 [0m
[0;32mI (317) MFRC522_TEST: Leitor RC522 iniciado. Aproxime um cart√£o.[0m
[0;32mI (327) main_task: Returned from app_main()[0m
[1;31mE (417) rc522: write: Unknown transport[0m
[1;31mE (417) rc522: Failed to write data (err: ESP_ERR_INVALID_STATE)[0m
[1;31mE (417) rc522: write: Unknown transport[0m
[1;31mE (417) rc522: Failed to write data (err: ESP_ERR_INVALID_STATE)[0m
[1;31mE (417) rc522: read: Unknown transport[0m
[1;31mE (427) rc522: Failed to read data (err: ESP_ERR_INVALID_STATE)[0m
Guru Meditation Error: Core  0 panic'ed (LoadProhibited). Exception was unhandled.

Core  0 register dump:
PC      : 0x400d6fc3  PS      : 0x00060930  A0      : 0x800d6ffc  A1      : 0x3ffb5e80  
A2      : 0x3ffafe38  A3      : 0x00000004  A4      : 0x3f4035ac  A5      : 0x000001a1  
A6      : 0x3f40357c  A7      : 0x3f404d08  A8      : 0x800d6fc3  A9      : 0x3ffb5e60  
A10     : 0x00000000  A11     : 0x00000004  A12     : 0x000001ab  A13     : 0x3ffb5e90  
A14     : 0x3ffb5e70  A15     : 0x00000103  SAR     : 0x00000004  EXCCAUSE: 0x0000001c  
EXCVADDR: 0x00000000  LBEG    : 0x400014fd  LEND    : 0x4000150d  LCOUNT  : 0xfffffffa  


Backtrace: 0x400d6fc0:0x3ffb5e80 0x400d6ff9:0x3ffb5ea0 0x400d70cd:0x3ffb5ed0 0x400d71d0:0x3ffb5f00 0x400d7229:0x3ffb5f30 0x400d730f:0x3ffb5f60 0x4008830d:0x3ffb5f90




ELF file SHA256: 5065bcadd

Rebooting...
ets Jul 29 2019 12:21:46

rst:0xc (SW_CPU_RESET),boot:0x13 (SPI_FAST_FLASH_BOOT)
configsip: 0, SPIWP:0xee
clk_drv:0x00,q_drv:0x00,d_drv:0x00,cs0_drv:0x00,hd_drv:0x00,wp_drv:0x00
mode:DIO, clock div:2
load:0x3fff0030,len:6276
load:0x40078000,len:15748
load:0x40080400,len:4
ho 8 tail 4 room 4
load:0x40080404,len:3860
entry 0x4008063c
[0;32mI (31) boot: ESP-IDF v5.4.1 2nd stage bootloader[0m
[0;32mI (31) boot: compile time Jul 19 2025 19:11:20[0m
[0;32mI (31) boot: Multicore bootloader[0m
[0;32mI (32) boot: chip revision: v3.1[0m
[0;32mI (35) boot.esp32: SPI Speed      : 40MHz[0m
[0;32mI (39) boot.esp32: SPI Mode       : DIO[0m
[0;32mI (42) boot.esp32: SPI Flash Size : 2MB[0m
[0;32mI (46) boot: Enabling RNG early entropy source...[0m
[0;32mI (51) boot: Partition Table:[0m
[0;32mI (53) boot: ## Label            Usage          Type ST Offset   Length[0m
[0;32mI (59) boot:  0 nvs              WiFi data        01 02 00009000 00006000[0m
[0;32mI (66) boot:  1 phy_init         RF data          01 01 0000f000 00001000[0m
[0;32mI (72) boot:  2 factory          factory app      00 00 00010000 00100000[0m
[0;32mI (79) boot: End of partition table[0m
[0;32mI (82) esp_image: segment 0: paddr=00010020 vaddr=3f400020 size=0cc58h ( 52312) map[0m
[0;32mI (108) esp_image: segment 1: paddr=0001cc80 vaddr=3ff80000 size=0001ch (    28) load[0m
[0;32mI (108) esp_image: segment 2: paddr=0001cca4 vaddr=3ffb0000 size=02468h (  9320) load[0m
[0;32mI (115) esp_image: segment 3: paddr=0001f114 vaddr=40080000 size=00f04h (  3844) load[0m
[0;32mI (121) esp_image: segment 4: paddr=00020020 vaddr=400d0020 size=19c80h (105600) map[0m
[0;32mI (163) esp_image: segment 5: paddr=00039ca8 vaddr=40080f04 size=0eb6ch ( 60268) load[0m
[0;32mI (194) boot: Loaded app from partition at offset 0x10000[0m
[0;32mI (194) boot: Disabling RNG early entropy source...[0m
[0;32mI (204) cpu_start: Multicore app[0m
[0;32mI (213) cpu_start: Pro cpu start user code[0m
[0;32mI (213) cpu_start: cpu freq: 160000000 Hz[0m
[0;32mI (213) app_init: Application information:[0m
[0;32mI (213) app_init: Project name:     embedded[0m
[0;32mI (217) app_init: App version:      1[0m
[0;32mI (220) app_init: Compile time:     Jul 19 2025 19:11:08[0m
[0;32mI (225) app_init: ELF file SHA256:  5065bcadd...[0m
[0;32mI (229) app_init: ESP-IDF:          v5.4.1[0m
[0;32mI (233) efuse_init: Min chip rev:     v0.0[0m
[0;32mI (237) efuse_init: Max chip rev:     v3.99 [0m
[0;32mI (241) efuse_init: Chip rev:         v3.1[0m
[0;32mI (245) heap_init: Initializing. RAM available for dynamic allocation:[0m
[0;32mI (251) heap_init: At 3FFAE6E0 len 00001920 (6 KiB): DRAM[0m
[0;32mI (256) heap_init: At 3FFB2D60 len 0002D2A0 (180 KiB): DRAM[0m
[0;32mI (262) heap_init: At 3FFE0440 len 00003AE0 (14 KiB): D/IRAM[0m
[0;32mI (267) heap_init: At 3FFE4350 len 0001BCB0 (111 KiB): D/IRAM[0m
[0;32mI (273) heap_init: At 4008FA70 len 00010590 (65 KiB): IRAM[0m
[0;32mI (279) spi_flash: detected chip: generic[0m
[0;32mI (281) spi_flash: flash io: dio[0m
[0;33mW (284) spi_flash: Detected size(4096k) larger than the size in the binary image header(2048k). Using the size in the binary image header.[0m
[0;33mW (297) i2c: This driver is an old driver, please migrate your application code to adapt `driver/i2c_master.h`[0m
[0;32mI (307) main_task: Started on CPU0[0m
[0;32mI (317) main_task: Calling app_main()[0m
[1;31mE (317) rc522: Read/write test failed[0m
[0;32mI (317) gpio: GPIO[15]| InputEn: 0| OutputEn: 0| OpenDrain: 0| Pullup: 1| Pulldown: 0| Intr:0 [0m
[0;32mI (317) MFRC522_TEST: Leitor RC522 iniciado. Aproxime um cart√£o.[0m
[0;32mI (327) main_task: Returned from app_main()[0m
[1;31mE (417) rc522: write: Unknown transport[0m
[1;31mE (417) rc522: Failed to write data (err: ESP_ERR_INVALID_STATE)[0m
[1;31mE (417) rc522: write: Unknown transport[0m
[1;31mE (417) rc522: Failed to write data (err: ESP_ERR_INVALID_STATE)[0m
[1;31mE (417) rc522: read: Unknown transport[0m
[1;31mE (427) rc522: Failed to read data (err: ESP_ERR_INVALID_STATE)[0m
Guru Meditation Error: Core  0 panic'ed (LoadProhibited). Exception was unhandled.

Core  0 register dump:
PC      : 0x400d6fc3  PS      : 0x00060930  A0      : 0x800d6ffc  A1      : 0x3ffb5e80  
A2      : 0x3ffafe38  A3      : 0x00000004  A4      : 0x3f4035ac  A5      : 0x000001a1  
A6      : 0x3f40357c  A7      : 0x3f404d08  A8      : 0x800d6fc3  A9      : 0x3ffb5e60  
A10     : 0x00000000  A11     : 0x00000004  A12     : 0x000001ab  A13     : 0x3ffb5e90  
A14     : 0x3ffb5e70  A15     : 0x00000103  SAR     : 0x00000004  EXCCAUSE: 0x0000001c  
EXCVADDR: 0x00000000  LBEG    : 0x400014fd  LEND    : 0x4000150d  LCOUNT  : 0xfffffffa  


Backtrace: 0x400d6fc0:0x3ffb5e80 0x400d6ff9:0x3ffb5ea0 0x400d70cd:0x3ffb5ed0 0x400d71d0:0x3ffb5f00 0x400d7229:0x3ffb5f30 0x400d730f:0x3ffb5f60 0x4008830d:0x3ffb5f90




ELF file SHA256: 5065bcadd

Rebooting...
ets Jul 29 2019 12:21:46

rst:0xc (SW_CPU_RESET),boot:0x13 (SPI_FAST_FLASH_BOOT)
configsip: 0, SPIWP:0xee
clk_drv:0x00,q_drv:0x00,d_drv:0x00,cs0_drv:0x00,hd_drv:0x00,wp_drv:0x00
mode:DIO, clock div:2
load:0x3fff0030,len:6276
load:0x40078000,len:15748
load:0x40080400,len:4
ho 8 tail 4 room 4
load:0x40080404,len:3860
entry 0x4008063c
[0;32mI (31) boot: ESP-IDF v5.4.1 2nd stage bootloader[0m
[0;32mI (31) boot: compile time Jul 19 2025 19:11:20[0m
[0;32mI (31) boot: Multicore bootloader[0m
[0;32mI (32) boot: chip revision: v3.1[0m
[0;32mI (35) boot.esp32: SPI Speed      : 40MHz[0m
[0;32mI (39) boot.esp32: SPI Mode       : DIO[0m
[0;32mI (42) boot.esp32: SPI Flash Size : 2MB[0m
[0;32mI (46) boot: Enabling RNG early entropy source...[0m
[0;32mI (51) boot: Partition Table:[0m
[0;32mI (53) boot: ## Label            Usage          Type ST Offset   Length[0m
[0;32mI (59) boot:  0 nvs              WiFi data        01 02 00009000 00006000[0m
[0;32mI (66) boot:  1 phy_init         RF data          01 01 0000f000 00001000[0m
[0;32mI (72) boot:  2 factory          factory app      00 00 00010000 00100000[0m
[0;32mI (79) boot: End of partition table[0m
[0;32mI (82) esp_image: segment 0: paddr=00010020 vaddr=3f400020 size=0cc58h ( 52312) map[0m
[0;32mI (108) esp_image: segment 1: paddr=0001cc80 vaddr=3ff80000 size=0001ch (    28) load[0m
[0;32mI (108) esp_image: segment 2: paddr=0001cca4 vaddr=3ffb0000 size=02468h (  9320) load[0m
[0;32mI (115) esp_image: segment 3: paddr=0001f114 vaddr=40080000 size=00f04h (  3844) load[0m
[0;32mI (121) esp_image: segment 4: paddr=00020020 vaddr=400d0020 size=19c80h (105600) map[0m
[0;32mI (163) esp_image: segment 5: paddr=00039ca8 vaddr=40080f04 size=0eb6ch ( 60268) load[0m
[0;32mI (194) boot: Loaded app from partition at offset 0x10000[0m
[0;32mI (194) boot: Disabling RNG early entropy source...[0m
[0;32mI (204) cpu_start: Multicore app[0m
[0;32mI (213) cpu_start: Pro cpu start user code[0m
[0;32mI (213) cpu_start: cpu freq: 160000000 Hz[0m
[0;32mI (213) app_init: Application information:[0m
[0;32mI (213) app_init: Project name:     embedded[0m
[0;32mI (217) app_init: App version:      1[0m
[0;32mI (220) app_init: Compile time:     Jul 19 2025 19:11:08[0m
[0;32mI (225) app_init: ELF file SHA256:  5065bcadd...[0m
[0;32mI (229) app_init: ESP-IDF:          v5.4.1[0m
[0;32mI (233) efuse_init: Min chip rev:     v0.0[0m
[0;32mI (237) efuse_init: Max chip rev:     v3.99 [0m
[0;32mI (241) efuse_init: Chip rev:         v3.1[0m
[0;32mI (245) heap_init: Initializing. RAM available for dynamic allocation:[0m
[0;32mI (251) heap_init: At 3FFAE6E0 len 00001920 (6 KiB): DRAM[0m
[0;32mI (256) heap_init: At 3FFB2D60 len 0002D2A0 (180 KiB): DRAM[0m
[0;32mI (262) heap_init: At 3FFE0440 len 00003AE0 (14 KiB): D/IRAM[0m
[0;32mI (267) heap_init: At 3FFE4350 len 0001BCB0 (111 KiB): D/IRAM[0m
[0;32mI (273) heap_init: At 4008FA70 len 00010590 (65 KiB): IRAM[0m
[0;32mI (279) spi_flash: detected chip: generic[0m
[0;32mI (281) spi_flash: flash io: dio[0m
[0;33mW (284) spi_flash: Detected size(4096k) larger than the size in the binary image header(2048k). Using the size in the binary image header.[0m
[0;33mW (297) i2c: This driver is an old driver, please migrate your application code to adapt `driver/i2c_master.h`[0m
[0;32mI (307) main_task: Started on CPU0[0m
[0;32mI (317) main_task: Calling app_main()[0m
[1;31mE (317) rc522: Read/write test failed[0m
[0;32mI (317) gpio: GPIO[15]| InputEn: 0| OutputEn: 0| OpenDrain: 0| Pullup: 1| Pulldown: 0| Intr:0 [0m
[0;32mI (317) MFRC522_TEST: Leitor RC522 iniciado. Aproxime um cart√£o.[0m
[0;32mI (327) main_task: Returned from app_main()[0m
[1;31mE (417) rc522: write: Unknown transport[0m
[1;31mE (417) rc522: Failed to write data (err: ESP_ERR_INVALID_STATE)[0m
[1;31mE (417) rc522: write: Unknown transport[0m
[1;31mE (417) rc522: Failed to write data (err: ESP_ERR_INVALID_STATE)[0m
[1;31mE (417) rc522: read: Unknown transport[0m
[1;31mE (427) rc522: Failed to read data (err: ESP_ERR_INVALID_STATE)[0m
Guru Meditation Error: Core  0 panic'ed (LoadProhibited). Exception was unhandled.

Core  0 register dump:
PC      : 0x400d6fc3  PS      : 0x00060930  A0      : 0x800d6ffc  A1      : 0x3ffb5e80  
A2      : 0x3ffafe38  A3      : 0x00000004  A4      : 0x3f4035ac  A5      : 0x000001a1  
A6      : 0x3f40357c  A7      : 0x3f404d08  A8      : 0x800d6fc3  A9      : 0x3ffb5e60  
A10     : 0x00000000  A11     : 0x00000004  A12     : 0x000001ab  A13     : 0x3ffb5e90  
A14     : 0x3ffb5e70  A15     : 0x00000103  SAR     : 0x00000004  EXCCAUSE: 0x0000001c  
EXCVADDR: 0x00000000  LBEG    : 0x400014fd  LEND    : 0x4000150d  LCOUNT  : 0xfffffffa  


Backtrace: 0x400d6fc0:0x3ffb5e80 0x400d6ff9:0x3ffb5ea0 0x400d70cd:0x3ffb5ed0 0x400d71d0:0x3ffb5f00 0x400d7229:0x3ffb5f30 0x400d730f:0x3ffb5f60 0x4008830d:0x3ffb5f90




ELF file SHA256: 5065bcadd

Rebooting...
ets Jul 29 2019 12:21:46

rst:0xc (SW_CPU_RESET),boot:0x13 (SPI_FAST_FLASH_BOOT)
configsip: 0, SPIWP:0xee
clk_drv:0x00,q_drv:0x00,d_drv:0x00,cs0_drv:0x00,hd_drv:0x00,wp_drv:0x00
mode:DIO, clock div:2
load:0x3fff0030,len:6276
load:0x40078000,len:15748
load:0x40080400,len:4
ho 8 tail 4 room 4
load:0x40080404,len:3860
entry 0x4008063c
[0;32mI (31) boot: ESP-IDF v5.4.1 2nd stage bootloader[0m
[0;32mI (31) boot: compile time Jul 19 2025 19:11:20[0m
[0;32mI (31) boot: Multicore bootloader[0m
[0;32mI (32) boot: chip revision: v3.1[0m
[0;32mI (35) boot.esp32: SPI Speed      : 40MHz[0m
[0;32mI (39) boot.esp32: SPI Mode       : DIO[0m
[0;32mI (42) boot.esp32: SPI Flash Size : 2MB[0m
[0;32mI (46) boot: Enabling RNG early entropy source...[0m
[0;32mI (51) boot: Partition Table:[0m
[0;32mI (53) boot: ## Label            Usage          Type ST Offset   Length[0m
[0;32mI (59) boot:  0 nvs              WiFi data        01 02 00009000 00006000[0m
[0;32mI (66) boot:  1 phy_init         RF data          01 01 0000f000 00001000[0m
[0;32mI (72) boot:  2 factory          factory app      00 00 00010000 00100000[0m
[0;32mI (79) boot: End of partition table[0m
[0;32mI (82) esp_image: segment 0: paddr=00010020 vaddr=3f400020 size=0cc58h ( 52312) map[0m
[0;32mI (108) esp_image: segment 1: paddr=0001cc80 vaddr=3ff80000 size=0001ch (    28) load[0m
[0;32mI (108) esp_image: segment 2: paddr=0001cca4 vaddr=3ffb0000 size=02468h (  9320) load[0m
[0;32mI (115) esp_image: segment 3: paddr=0001f114 vaddr=40080000 size=00f04h (  3844) load[0m
[0;32mI (121) esp_image: segment 4: paddr=00020020 vaddr=400d0020 size=19c80h (105600) map[0m
[0;32mI (163) esp_image: segment 5: paddr=00039ca8 vaddr=40080f04 size=0eb6ch ( 60268) load[0m
[0;32mI (194) boot: Loaded app from partition at offset 0x10000[0m
[0;32mI (194) boot: Disabling RNG early entropy source...[0m
[0;32mI (204) cpu_start: Multicore app[0m
[0;32mI (213) cpu_start: Pro cpu start user code[0m
[0;32mI (213) cpu_start: cpu freq: 160000000 Hz[0m
[0;32mI (213) app_init: Application information:[0m
[0;32mI (213) app_init: Project name:     embedded[0m
[0;32mI (217) app_init: App version:      1[0m
[0;32mI (220) app_init: Compile time:     Jul 19 2025 19:11:08[0m
[0;32mI (225) app_init: ELF file SHA256:  5065bcadd...[0m
[0;32mI (229) app_init: ESP-IDF:          v5.4.1[0m
[0;32mI (233) efuse_init: Min chip rev:     v0.0[0m
[0;32mI (237) efuse_init: Max chip rev:     v3.99 [0m
[0;32mI (241) efuse_init: Chip rev:         v3.1[0m
[0;32mI (245) heap_init: Initializing. RAM available for dynamic allocation:[0m
[0;32mI (251) heap_init: At 3FFAE6E0 len 00001920 (6 KiB): DRAM[0m
[0;32mI (256) heap_init: At 3FFB2D60 len 0002D2A0 (180 KiB): DRAM[0m
[0;32mI (262) heap_init: At 3FFE0440 len 00003AE0 (14 KiB): D/IRAM[0m
[0;32mI (267) heap_init: At 3FFE4350 len 0001BCB0 (111 KiB): D/IRAM[0m
[0;32mI (273) heap_init: At 4008FA70 len 00010590 (65 KiB): IRAM[0m
[0;32mI (279) spi_flash: detected chip: generic[0m
[0;32mI (281) spi_flash: flash io: dio[0m
[0;33mW (284) spi_flash: Detected size(4096k) larger than the size in the binary image header(2048k). Using the size in the binary image header.[0m
[0;33mW (297) i2c: This driver is an old driver, please migrate your application code to adapt `driver/i2c_master.h`[0m
[0;32mI (307) main_task: Started on CPU0[0m
[0;32mI (317) main_task: Calling app_main()[0m
[1;31mE (317) rc522: Read/write test failed[0m
[0;32mI (317) gpio: GPIO[15]| InputEn: 0| OutputEn: 0| OpenDrain: 0| Pullup: 1| Pulldown: 0| Intr:0 [0m
[0;32mI (317) MFRC522_TEST: Leitor RC522 iniciado. Aproxime um cart√£o.[0m
[0;32mI (327) main_task: Returned from app_main()[0m
[1;31mE (417) rc522: write: Unknown transport[0m
[1;31mE (417) rc522: Failed to write data (err: ESP_ERR_INVALID_STATE)[0m
[1;31mE (417) rc522: write: Unknown transport[0m
[1;31mE (417) rc522: Failed to write data (err: ESP_ERR_INVALID_STATE)[0m
[1;31mE (417) rc522: read: Unknown transport[0m
[1;31mE (427) rc522: Failed to read data (err: ESP_ERR_INVALID_STATE)[0m
Guru Meditation Error: Core  0 panic'ed (LoadProhibited). Exception was unhandled.

Core  0 register dump:
PC      : 0x400d6fc3  PS      : 0x00060930  A0      : 0x800d6ffc  A1      : 0x3ffb5e80  
A2      : 0x3ffafe38  A3      : 0x00000004  A4      : 0x3f4035ac  A5      : 0x000001a1  
A6      : 0x3f40357c  A7      : 0x3f404d08  A8      : 0x800d6fc3  A9      : 0x3ffb5e60  
A10     : 0x00000000  A11     : 0x00000004  A12     : 0x000001ab  A13     : 0x3ffb5e90  
A14     : 0x3ffb5e70  A15     : 0x00000103  SAR     : 0x00000004  EXCCAUSE: 0x0000001c  
EXCVADDR: 0x00000000  LBEG    : 0x400014fd  LEND    : 0x4000150d  LCOUNT  : 0xfffffffa  


Backtrace: 0x400d6fc0:0x3ffb5e80 0x400d6ff9:0x3ffb5ea0 0x400d70cd:0x3ffb5ed0 0x400d71d0:0x3ffb5f00 0x400d7229:0x3ffb5f30 0x400d730f:0x3ffb5f60 0x4008830d:0x3ffb5f90




ELF file SHA256: 5065bcadd

Rebooting...
ets Jul 29 2019 12:21:46

rst:0xc (SW_CPU_RESET),boot:0x13 (SPI_FAST_FLASH_BOOT)
configsip: 0, SPIWP:0xee
clk_drv:0x00,q_drv:0x00,d_drv:0x00,cs0_drv:0x00,hd_drv:0x00,wp_drv:0x00
mode:DIO, clock div:2
load:0x3fff0030,len:6276
load:0x40078000,len:15748
load:0x40080400,len:4
ho 8 tail 4 room 4
load:0x40080404,len:3860
entry 0x4008063c
[0;32mI (31) boot: ESP-IDF v5.4.1 2nd stage bootloader[0m
[0;32mI (31) boot: compile time Jul 19 2025 19:11:20[0m
[0;32mI (31) boot: Multicore bootloader[0m
[0;32mI (32) boot: chip revision: v3.1[0m
[0;32mI (35) boot.esp32: SPI Speed      : 40MHz[0m
[0;32mI (39) boot.esp32: SPI Mode       : DIO[0m
[0;32mI (42) boot.esp32: SPI Flash Size : 2MB[0m
[0;32mI (46) boot: Enabling RNG early entropy source...[0m
[0;32mI (51) boot: Partition Table:[0m
[0;32mI (53) boot: ## Label            Usage          Type ST Offset   Length[0m
[0;32mI (59) boot:  0 nvs              WiFi data        01 02 00009000 00006000[0m
[0;32mI (66) boot:  1 phy_init         RF data          01 01 0000f000 00001000[0m
[0;32mI (72) boot:  2 factory          factory app      00 00 00010000 00100000[0m
[0;32mI (79) boot: End of partition table[0m
[0;32mI (82) esp_image: segment 0: paddr=00010020 vaddr=3f400020 size=0cc58h ( 52312) map[0m
[0;32mI (108) esp_image: segment 1: paddr=0001cc80 vaddr=3ff80000 size=0001ch (    28) load[0m
[0;32mI (108) esp_image: segment 2: paddr=0001cca4 vaddr=3ffb0000 size=02468h (  9320) load[0m
[0;32mI (115) esp_image: segment 3: paddr=0001f114 vaddr=40080000 size=00f04h (  3844) load[0m
[0;32mI (121) esp_image: segment 4: paddr=00020020 vaddr=400d0020 size=19c80h (105600) map[0m
[0;32mI (163) esp_image: segment 5: paddr=00039ca8 vaddr=40080f04 size=0eb6ch ( 60268) load[0m
[0;32mI (194) boot: Loaded app from partition at offset 0x10000[0m
